---------------------------- PROCESS STARTED (24380) for package com.ivanmarty.rovecast ----------------------------
2025-09-20 16:28:10.122 24380-24380 ApplicationLoaders      com.ivanmarty.rovecast               D  createClassLoader zip: /data/app/com.ivanmarty.rovecast-NZHFZtcBChpitEriapJN2w==/base.apk librarySearchPath: /data/app/com.ivanmarty.rovecast-NZHFZtcBChpitEriapJN2w==/lib/arm64 libraryPermittedPath: /data/user/0/com.ivanmarty.rovecast parent: java.lang.BootClassLoader@c069c4e targetSdkVersion: 35 isBundled: false classLoaderName: null sharedLibraries: null
2025-09-20 16:28:10.129 24380-24409 ActivityThread          com.ivanmarty.rovecast               I  Init compatible state: true
2025-09-20 16:28:10.131 24380-24409 HwFramewor...rtsFactory com.ivanmarty.rovecast               D  HwFrameworkSecurityPartsFactory in.
2025-09-20 16:28:10.131 24380-24409 HwFramewor...rtsFactory com.ivanmarty.rovecast               I  add HwFrameworkSecurityPartsFactory to memory.
2025-09-20 16:28:10.160 24380-24409 BehaviorCollectManager  com.ivanmarty.rovecast               E  Fail to acquire dataAnalyzerService...
2025-09-20 16:28:14.133 24380-24409 HwApiCacheMangerEx      com.ivanmarty.rovecast               I  apicache path=/storage/emulated/0 state=mounted key=com.ivanmarty.rovecast#10625#256
2025-09-20 16:28:14.133 24380-24409 HwApiCacheMangerEx      com.ivanmarty.rovecast               I  need clear apicache,because volumes changed,oldCnt=0 newCnt=1
2025-09-20 16:28:14.140 24380-24409 HwApiCacheMangerEx      com.ivanmarty.rovecast               I  apicache path=/storage/emulated/0 state=mounted key=com.ivanmarty.rovecast#10625#0
2025-09-20 16:28:14.140 24380-24409 HwApiCacheMangerEx      com.ivanmarty.rovecast               I  need clear apicache,because volumes changed,oldCnt=1 newCnt=1
2025-09-20 16:28:14.157 24380-24409 HwPartIawareFactory     com.ivanmarty.rovecast               I  add android.common.HwPartIawareFactoryImpl to memory.
2025-09-20 16:28:14.157 24380-24409 AwareBitmapCacher       com.ivanmarty.rovecast               I  init processName:com.ivanmarty.rovecast pid=24380 uid=10625
2025-09-20 16:28:14.278 24380-24380 WM-WrkMgrInitializer    com.ivanmarty.rovecast               D  Initializing WorkManager with default configuration.
2025-09-20 16:28:15.216 24380-24380 ApplicationLoaders      com.ivanmarty.rovecast               D  createClassLoader zip: /system/framework/org.apache.http.legacy.jar librarySearchPath: /data/app/com.google.android.gms-rRksavvBNXgRsDVlt2sxZQ==/lib/arm64:/data/app/com.google.android.gms-rRksavvBNXgRsDVlt2sxZQ==/base.apk!/lib/arm64-v8a:/data/app/com.google.android.gms-rRksavvBNXgRsDVlt2sxZQ==/split_config.es.apk!/lib/arm64-v8a:/data/app/com.google.android.gms-rRksavvBNXgRsDVlt2sxZQ==/split_config.xxhdpi.apk!/lib/arm64-v8a libraryPermittedPath: /data/user/0/com.google.android.gms parent: java.lang.BootClassLoader@c069c4e targetSdkVersion: 36 isBundled: false classLoaderName: null sharedLibraries: null
2025-09-20 16:28:15.220 24380-24380 nmarty.rovecas          com.ivanmarty.rovecast               I  The ClassLoaderContext is a special shared library.
2025-09-20 16:28:15.231 24380-24380 ApplicationLoaders      com.ivanmarty.rovecast               D  createClassLoader zip: /system/framework/com.android.media.remotedisplay.jar librarySearchPath: /data/app/com.google.android.gms-rRksavvBNXgRsDVlt2sxZQ==/lib/arm64:/data/app/com.google.android.gms-rRksavvBNXgRsDVlt2sxZQ==/base.apk!/lib/arm64-v8a:/data/app/com.google.android.gms-rRksavvBNXgRsDVlt2sxZQ==/split_config.es.apk!/lib/arm64-v8a:/data/app/com.google.android.gms-rRksavvBNXgRsDVlt2sxZQ==/split_config.xxhdpi.apk!/lib/arm64-v8a libraryPermittedPath: /data/user/0/com.google.android.gms parent: java.lang.BootClassLoader@c069c4e targetSdkVersion: 36 isBundled: false classLoaderName: null sharedLibraries: null
2025-09-20 16:28:15.236 24380-24380 nmarty.rovecas          com.ivanmarty.rovecast               I  The ClassLoaderContext is a special shared library.
2025-09-20 16:28:15.242 24380-24380 ApplicationLoaders      com.ivanmarty.rovecast               D  createClassLoader zip: /system/framework/com.android.location.provider.jar librarySearchPath: /data/app/com.google.android.gms-rRksavvBNXgRsDVlt2sxZQ==/lib/arm64:/data/app/com.google.android.gms-rRksavvBNXgRsDVlt2sxZQ==/base.apk!/lib/arm64-v8a:/data/app/com.google.android.gms-rRksavvBNXgRsDVlt2sxZQ==/split_config.es.apk!/lib/arm64-v8a:/data/app/com.google.android.gms-rRksavvBNXgRsDVlt2sxZQ==/split_config.xxhdpi.apk!/lib/arm64-v8a libraryPermittedPath: /data/user/0/com.google.android.gms parent: java.lang.BootClassLoader@c069c4e targetSdkVersion: 36 isBundled: false classLoaderName: null sharedLibraries: null
2025-09-20 16:28:15.246 24380-24380 nmarty.rovecas          com.ivanmarty.rovecast               I  The ClassLoaderContext is a special shared library.
2025-09-20 16:28:15.253 24380-24380 ApplicationLoaders      com.ivanmarty.rovecast               D  createClassLoader zip: /data/app/com.google.android.gms-rRksavvBNXgRsDVlt2sxZQ==/base.apk:/data/app/com.google.android.gms-rRksavvBNXgRsDVlt2sxZQ==/split_config.es.apk:/data/app/com.google.android.gms-rRksavvBNXgRsDVlt2sxZQ==/split_config.xxhdpi.apk librarySearchPath: /data/app/com.google.android.gms-rRksavvBNXgRsDVlt2sxZQ==/lib/arm64:/data/app/com.google.android.gms-rRksavvBNXgRsDVlt2sxZQ==/base.apk!/lib/arm64-v8a:/data/app/com.google.android.gms-rRksavvBNXgRsDVlt2sxZQ==/split_config.es.apk!/lib/arm64-v8a:/data/app/com.google.android.gms-rRksavvBNXgRsDVlt2sxZQ==/split_config.xxhdpi.apk!/lib/arm64-v8a libraryPermittedPath: /data/user/0/com.google.android.gms parent: java.lang.BootClassLoader@c069c4e targetSdkVersion: 36 isBundled: false classLoaderName: null sharedLibraries: [dalvik.system.PathClassLoader[DexPathList[[zip file "/system/framework/org.apache.http.legacy.jar"],nativeLibraryDirectories=[/data/app/com.google.android.gms-rRksavvBNXgRsDVlt2sxZQ==/lib/arm64, /data/app/com.google.android.gms-rRksavvBNXgRsDVlt2sxZQ==/base.apk!/lib/arm64-v8a, /data/app/com.google.android.gms-rRksavvBNXgRsDVlt2sxZQ==/split_config.es.apk!/lib/arm64-v8a, /data/app/com.google.android.gms-rRksavvBNXgRsDVlt2sxZQ==/split_config.xxhdpi.apk!/lib/arm64-v8a, /system/lib64, /hw_product/lib64, /system/product/lib64]]], dalvik.system.PathClassLoader[DexPathList[[zip file "/system/framework/com.android.media.remotedisplay.jar"],nativeLibraryDirectories=[/data/app/com.google.android.gms-rRksavvBNXgRsDVlt2sxZQ==/lib/arm64, /data/app/com.google.android.gms-rRksavvBNXgRsDVlt2sxZQ==/base.apk!/lib/arm64-v8a, /data/app/com.google.android.gms-rRksavvBNXgRsDVlt2sxZQ==/split_config.es.apk!/lib/arm64-v8a, /data/app/com.google.android.gms-rRksavvBNXgRsDVlt2sxZQ==/split_config.xxhdpi.apk!/lib/arm64-v8a, /system/lib64, /hw_product/lib64, /system/product/lib64]]], dalvik.system.PathClassLoader[DexPathList[[zip file "/system/framework/com.android.location.provider.jar"],nativeLibraryDirectories=[/data/app/com.google.android.gms-rRksavvBNXgRsDVlt2sxZQ==/lib/arm64, /data/app/com.google.android.gms-rRksavvBNXgRsDVlt2sxZQ==/base.apk!/lib/arm64-v8a, /data/app/com.google.android.gms-rRksavvBNXgRsDVlt2sxZQ==/split_config.es.apk!/lib/arm64-v8a, /data/app/com.google.android.gms-rRksavvBNXgRsDVlt2sxZQ==/split_config.xxhdpi.apk!/lib/arm64-v8a, /system/lib64, /hw_product/lib64, /system/product/lib64]]]]
2025-09-20 16:28:15.370 24380-24380 DynamiteModule          com.ivanmarty.rovecast               I  Considering local module com.google.android.gms.ads.dynamite:0 and remote module com.google.android.gms.ads.dynamite:253405700
2025-09-20 16:28:15.373 24380-24380 DynamiteModule          com.ivanmarty.rovecast               I  Selected remote version of com.google.android.gms.ads.dynamite, version >= 253405700
2025-09-20 16:28:15.735 24380-24380 DynamitePackage         com.ivanmarty.rovecast               D  Instantiated singleton DynamitePackage.
2025-09-20 16:28:15.736 24380-24380 DynamitePackage         com.ivanmarty.rovecast               D  Instantiating com.google.android.gms.ads.ChimeraMobileAdsSettingManagerCreatorImpl
2025-09-20 16:28:15.918 24380-24380 nmarty.rovecas          com.ivanmarty.rovecast               W  Accessing hidden method Lsun/misc/Unsafe;->arrayBaseOffset(Ljava/lang/Class;)I (greylist,core-platform-api, linking, allowed)
2025-09-20 16:28:15.918 24380-24380 nmarty.rovecas          com.ivanmarty.rovecast               W  Accessing hidden method Lsun/misc/Unsafe;->arrayIndexScale(Ljava/lang/Class;)I (greylist, linking, allowed)
2025-09-20 16:28:15.918 24380-24380 nmarty.rovecas          com.ivanmarty.rovecast               W  Accessing hidden method Lsun/misc/Unsafe;->compareAndSwapInt(Ljava/lang/Object;JII)Z (greylist, linking, allowed)
2025-09-20 16:28:15.918 24380-24380 nmarty.rovecas          com.ivanmarty.rovecast               W  Accessing hidden method Lsun/misc/Unsafe;->compareAndSwapLong(Ljava/lang/Object;JJJ)Z (greylist, linking, allowed)
2025-09-20 16:28:15.918 24380-24380 nmarty.rovecas          com.ivanmarty.rovecast               W  Accessing hidden method Lsun/misc/Unsafe;->getIntVolatile(Ljava/lang/Object;J)I (greylist, linking, allowed)
2025-09-20 16:28:15.918 24380-24380 nmarty.rovecas          com.ivanmarty.rovecast               W  Accessing hidden method Lsun/misc/Unsafe;->getObjectVolatile(Ljava/lang/Object;J)Ljava/lang/Object; (greylist, linking, allowed)
2025-09-20 16:28:15.918 24380-24380 nmarty.rovecas          com.ivanmarty.rovecast               W  Accessing hidden method Lsun/misc/Unsafe;->objectFieldOffset(Ljava/lang/reflect/Field;)J (greylist,core-platform-api, linking, allowed)
2025-09-20 16:28:15.918 24380-24380 nmarty.rovecas          com.ivanmarty.rovecast               W  Accessing hidden method Lsun/misc/Unsafe;->putObjectVolatile(Ljava/lang/Object;JLjava/lang/Object;)V (greylist, linking, allowed)
2025-09-20 16:28:15.919 24380-24380 nmarty.rovecas          com.ivanmarty.rovecast               W  Accessing hidden field Lsun/misc/Unsafe;->theUnsafe:Lsun/misc/Unsafe; (greylist, reflection, allowed)
2025-09-20 16:28:16.050 24380-24380 nmarty.rovecas          com.ivanmarty.rovecast               W  Accessing hidden method Lsun/misc/Unsafe;->getUnsafe()Lsun/misc/Unsafe; (greylist,core-platform-api, linking, allowed)
2025-09-20 16:28:16.051 24380-24380 nmarty.rovecas          com.ivanmarty.rovecast               W  Accessing hidden method Lsun/misc/Unsafe;->putObject(Ljava/lang/Object;JLjava/lang/Object;)V (greylist, linking, allowed)
2025-09-20 16:28:16.068 24380-24429 NetworkSecurityConfig   com.ivanmarty.rovecast               D  Using Network Security Config from resource network_security_config debugBuild: true
2025-09-20 16:28:16.076 24380-24380 HwCustConn...anagerImpl com.ivanmarty.rovecast               D  isBlockNetworkRequestByNonAis, INVALID_SUBSCRIPTION_ID
2025-09-20 16:28:16.076 24380-24380 ConnectivityManager     com.ivanmarty.rovecast               I  requestNetwork and the calling app is: com.ivanmarty.rovecast
2025-09-20 16:28:16.097 24380-24432 nmarty.rovecas          com.ivanmarty.rovecast               W  Accessing hidden method Lsun/misc/Unsafe;->compareAndSwapObject(Ljava/lang/Object;JLjava/lang/Object;Ljava/lang/Object;)Z (greylist, linking, allowed)
2025-09-20 16:28:16.098 24380-24432 nmarty.rovecas          com.ivanmarty.rovecast               W  Accessing hidden method Lsun/misc/Unsafe;->getObject(Ljava/lang/Object;J)Ljava/lang/Object; (greylist, linking, allowed)
2025-09-20 16:28:16.105 24380-24380 Ads                     com.ivanmarty.rovecast               I  Updating ad debug logging enablement.
2025-09-20 16:28:16.109 24380-24429 nmarty.rovecas          com.ivanmarty.rovecast               W  Accessing hidden method Lsun/misc/Unsafe;->compareAndSwapObject(Ljava/lang/Object;JLjava/lang/Object;Ljava/lang/Object;)Z (greylist, linking, allowed)
2025-09-20 16:28:16.118 24380-24433 nmarty.rovecas          com.ivanmarty.rovecast               W  Accessing hidden method Lsun/misc/Unsafe;->compareAndSwapObject(Ljava/lang/Object;JLjava/lang/Object;Ljava/lang/Object;)Z (greylist, linking, allowed)
2025-09-20 16:28:16.119 24380-24433 nmarty.rovecas          com.ivanmarty.rovecast               W  Accessing hidden method Lsun/misc/Unsafe;->getObject(Ljava/lang/Object;J)Ljava/lang/Object; (greylist, linking, allowed)
2025-09-20 16:28:16.311 24380-24380 DynamitePackage         com.ivanmarty.rovecast               D  Instantiating com.google.android.gms.ads.ChimeraAdPreloaderCreatorImpl
2025-09-20 16:28:16.349 24380-24437 nmarty.rovecas          com.ivanmarty.rovecast               W  Accessing hidden method Lsun/misc/Unsafe;->compareAndSwapObject(Ljava/lang/Object;JLjava/lang/Object;Ljava/lang/Object;)Z (greylist, linking, allowed)
2025-09-20 16:28:16.446 24380-24441 nmarty.rovecas          com.ivanmarty.rovecast               W  Accessing hidden method Lsun/misc/Unsafe;->compareAndSwapObject(Ljava/lang/Object;JLjava/lang/Object;Ljava/lang/Object;)Z (greylist, linking, allowed)
2025-09-20 16:28:16.453 24380-24441 nmarty.rovecas          com.ivanmarty.rovecast               W  Accessing hidden method Lsun/misc/Unsafe;->compareAndSwapObject(Ljava/lang/Object;JLjava/lang/Object;Ljava/lang/Object;)Z (greylist, linking, allowed)
2025-09-20 16:28:16.458 24380-24442 DynamitePackage         com.ivanmarty.rovecast               D  Instantiating com.google.android.gms.ads.ChimeraAdManagerCreatorImpl
2025-09-20 16:28:16.600 24380-24442 Ads                     com.ivanmarty.rovecast               I  Use RequestConfiguration.Builder().setTestDeviceIds(Arrays.asList("AFC033BBEAF477A33219CE7057D05B14")) to get test ads on this device.
2025-09-20 16:28:16.632 24380-24440 nmarty.rovecas          com.ivanmarty.rovecast               W  Accessing hidden method Lsun/misc/Unsafe;->getObject(Ljava/lang/Object;J)Ljava/lang/Object; (greylist, linking, allowed)
2025-09-20 16:28:16.632 24380-24440 nmarty.rovecas          com.ivanmarty.rovecast               W  Accessing hidden method Lsun/misc/Unsafe;->putObject(Ljava/lang/Object;JLjava/lang/Object;)V (greylist, linking, allowed)
2025-09-20 16:28:16.644 24380-24440 nmarty.rovecas          com.ivanmarty.rovecast               W  Accessing hidden method Lsun/misc/Unsafe;->getInt(Ljava/lang/Object;J)I (greylist, linking, allowed)
2025-09-20 16:28:16.644 24380-24440 nmarty.rovecas          com.ivanmarty.rovecast               W  Accessing hidden method Lsun/misc/Unsafe;->getLong(Ljava/lang/Object;J)J (greylist,core-platform-api, linking, allowed)
2025-09-20 16:28:16.647 24380-24440 nmarty.rovecas          com.ivanmarty.rovecast               W  Accessing hidden method Lsun/misc/Unsafe;->putInt(Ljava/lang/Object;JI)V (greylist, linking, allowed)
2025-09-20 16:28:16.648 24380-24440 nmarty.rovecas          com.ivanmarty.rovecast               W  Accessing hidden method Lsun/misc/Unsafe;->putLong(Ljava/lang/Object;JJ)V (greylist, linking, allowed)
2025-09-20 16:28:16.655 24380-24440 nmarty.rovecas          com.ivanmarty.rovecast               W  Accessing hidden method Lsun/misc/Unsafe;->putInt(Ljava/lang/Object;JI)V (greylist, linking, allowed)
2025-09-20 16:28:16.682 24380-24440 nmarty.rovecas          com.ivanmarty.rovecast               W  Accessing hidden method Lsun/misc/Unsafe;->allocateInstance(Ljava/lang/Class;)Ljava/lang/Object; (greylist, linking, allowed)
2025-09-20 16:28:16.691 24380-24380 MediaRouter             com.ivanmarty.rovecast               V  Selecting route: RouteInfo{ name=Teléfono, description=null, status=null, category=RouteCategory{ name=Sistema types=ROUTE_TYPE_LIVE_AUDIO ROUTE_TYPE_LIVE_VIDEO  groupable=false }, supportedTypes=ROUTE_TYPE_LIVE_AUDIO ROUTE_TYPE_LIVE_VIDEO , presentationDisplay=null }
2025-09-20 16:28:16.693 24380-24440 nmarty.rovecas          com.ivanmarty.rovecast               W  Accessing hidden method Llibcore/io/Memory;->peekLong(JZ)J (greylist, reflection, allowed)
2025-09-20 16:28:16.693 24380-24440 nmarty.rovecas          com.ivanmarty.rovecast               W  Accessing hidden method Llibcore/io/Memory;->pokeLong(JJZ)V (greylist, reflection, allowed)
2025-09-20 16:28:16.693 24380-24440 nmarty.rovecas          com.ivanmarty.rovecast               W  Accessing hidden method Llibcore/io/Memory;->pokeInt(JIZ)V (greylist, reflection, allowed)
2025-09-20 16:28:16.694 24380-24440 nmarty.rovecas          com.ivanmarty.rovecast               W  Accessing hidden method Llibcore/io/Memory;->peekInt(JZ)I (greylist, reflection, allowed)
2025-09-20 16:28:16.694 24380-24440 nmarty.rovecas          com.ivanmarty.rovecast               W  Accessing hidden method Llibcore/io/Memory;->pokeByte(JB)V (greylist, reflection, allowed)
2025-09-20 16:28:16.694 24380-24440 nmarty.rovecas          com.ivanmarty.rovecast               W  Accessing hidden method Llibcore/io/Memory;->peekByte(J)B (greylist, reflection, allowed)
2025-09-20 16:28:16.694 24380-24440 nmarty.rovecas          com.ivanmarty.rovecast               W  Accessing hidden method Llibcore/io/Memory;->pokeByteArray(J[BII)V (greylist, reflection, allowed)
2025-09-20 16:28:16.694 24380-24440 nmarty.rovecas          com.ivanmarty.rovecast               W  Accessing hidden method Llibcore/io/Memory;->peekByteArray(J[BII)V (greylist, reflection, allowed)
2025-09-20 16:28:16.695 24380-24440 nmarty.rovecas          com.ivanmarty.rovecast               W  Accessing hidden method Llibcore/io/Memory;->peekByte(J)B (greylist, linking, allowed)
2025-09-20 16:28:16.698 24380-24440 nmarty.rovecas          com.ivanmarty.rovecast               W  Accessing hidden method Lsun/misc/Unsafe;->getLong(Ljava/lang/Object;J)J (greylist,core-platform-api, reflection, allowed)
2025-09-20 16:28:16.703 24380-24440 nmarty.rovecas          com.ivanmarty.rovecast               W  Accessing hidden field Ljava/nio/Buffer;->address:J (greylist, reflection, allowed)
2025-09-20 16:28:16.704 24380-24440 nmarty.rovecas          com.ivanmarty.rovecast               W  Accessing hidden method Lsun/misc/Unsafe;->getInt(Ljava/lang/Object;J)I (greylist, reflection, allowed)
2025-09-20 16:28:16.705 24380-24440 nmarty.rovecas          com.ivanmarty.rovecast               W  Accessing hidden method Lsun/misc/Unsafe;->putInt(Ljava/lang/Object;JI)V (greylist, reflection, allowed)
2025-09-20 16:28:16.705 24380-24440 nmarty.rovecas          com.ivanmarty.rovecast               W  Accessing hidden method Lsun/misc/Unsafe;->getLong(Ljava/lang/Object;J)J (greylist,core-platform-api, reflection, allowed)
2025-09-20 16:28:16.705 24380-24440 nmarty.rovecas          com.ivanmarty.rovecast               W  Accessing hidden method Lsun/misc/Unsafe;->putLong(Ljava/lang/Object;JJ)V (greylist, reflection, allowed)
2025-09-20 16:28:16.705 24380-24440 nmarty.rovecas          com.ivanmarty.rovecast               W  Accessing hidden method Lsun/misc/Unsafe;->getObject(Ljava/lang/Object;J)Ljava/lang/Object; (greylist, reflection, allowed)
2025-09-20 16:28:16.705 24380-24440 nmarty.rovecas          com.ivanmarty.rovecast               W  Accessing hidden method Lsun/misc/Unsafe;->putObject(Ljava/lang/Object;JLjava/lang/Object;)V (greylist, reflection, allowed)
2025-09-20 16:28:16.731 24380-24380 AxMediaRouter           com.ivanmarty.rovecast               I  Found default route: MediaRouter.RouteInfo{ uniqueId=DEFAULT_ROUTE, name=Teléfono, description=null, iconUri=null, enabled=true, isSystemRoute=true, connectionState=0, canDisconnect=false, playbackType=0, playbackStream=3, deviceType=0, volumeHandling=1, volume=12, volumeMax=15, presentationDisplayId=-1, extras=null, settingsIntent=null, providerPackageName=android }
2025-09-20 16:28:16.732 24380-24380 AxMediaRouter           com.ivanmarty.rovecast               I  Unselecting the current route because it is no longer selectable: null
2025-09-20 16:28:16.754 24380-24440 HwCustConn...anagerImpl com.ivanmarty.rovecast               D  isBlockNetworkRequestByNonAis, INVALID_SUBSCRIPTION_ID
2025-09-20 16:28:16.754 24380-24440 ConnectivityManager     com.ivanmarty.rovecast               I  requestNetwork and the calling app is: com.ivanmarty.rovecast
2025-09-20 16:28:16.820 24380-24380 DynamiteModule          com.ivanmarty.rovecast               I  Considering local module com.google.android.gms.cast.framework.dynamite:0 and remote module com.google.android.gms.cast.framework.dynamite:253534000
2025-09-20 16:28:16.820 24380-24380 DynamiteModule          com.ivanmarty.rovecast               I  Selected remote version of com.google.android.gms.cast.framework.dynamite, version >= 253534000
2025-09-20 16:28:16.820 24380-24380 DynamiteModule          com.ivanmarty.rovecast               V  Dynamite loader version >= 2, using loadModule2NoCrashUtils
2025-09-20 16:28:16.877 24380-24380 nmarty.rovecas          com.ivanmarty.rovecast               W  ClassLoaderContext type mismatch. expected=PCL, found=DLC (PCL[] | DLC[];PCL[/data/app/com.ivanmarty.rovecast-NZHFZtcBChpitEriapJN2w==/base.apk*3005761464:/data/app/com.ivanmarty.rovecast-NZHFZtcBChpitEriapJN2w==/base.apk!classes2.dex*3838903545:/data/app/com.ivanmarty.rovecast-NZHFZtcBChpitEriapJN2w==/base.apk!classes3.dex*4049262258:/data/app/com.ivanmarty.rovecast-NZHFZtcBChpitEriapJN2w==/base.apk!classes4.dex*703073500:/data/app/com.ivanmarty.rovecast-NZHFZtcBChpitEriapJN2w==/base.apk!classes5.dex*176331362:/data/app/com.ivanmarty.rovecast-NZHFZtcBChpitEriapJN2w==/base.apk!classes6.dex*2091565728:/data/app/com.ivanmarty.rovecast-NZHFZtcBChpitEriapJN2w==/base.apk!classes7.dex*398708974:/data/app/com.ivanmarty.rovecast-NZHFZtcBChpitEriapJN2w==/base.apk!classes8.dex*3608211841:/data/app/com.ivanmarty.rovecast-NZHFZtcBChpitEriapJN2w==/base.apk!classes9.dex*2888158322:/data/app/com.ivanmarty.rovecast-NZHFZtcBChpitEriapJN2w==/base.apk!classes10.dex*3232595436:/data/app/com.ivanmarty.rovecast-NZHFZtcBChpitEriap
2025-09-20 16:28:16.890 24380-24380 nmarty.rovecas          com.ivanmarty.rovecast               W  Found duplicate classes, falling back to extracting from APK : /data/user_de/0/com.google.android.gms/app_chimera/m/000001e3/DynamiteModulesC.uncompressed.apk
2025-09-20 16:28:16.890 24380-24380 nmarty.rovecas          com.ivanmarty.rovecast               W  NOTE: This wastes RAM and hurts startup performance.
2025-09-20 16:28:16.890 24380-24380 nmarty.rovecas          com.ivanmarty.rovecast               W  Found duplicated class when checking oat files: 'Landroid/support/v4/graphics/drawable/IconCompatParcelizer;' in /data/app/com.ivanmarty.rovecast-NZHFZtcBChpitEriapJN2w==/base.apk and /data/user_de/0/com.google.android.gms/app_chimera/m/000001e3/DynamiteModulesC.uncompressed.apk
2025-09-20 16:28:16.890 24380-24380 nmarty.rovecas          com.ivanmarty.rovecast               W  
2025-09-20 16:28:17.043 24380-24380 nmarty.rovecas          com.ivanmarty.rovecast               I  Waiting for a blocking GC ClassLinker
2025-09-20 16:28:17.050 24380-24440 nmarty.rovecas          com.ivanmarty.rovecast               W  Failed execv(/system/bin/dex2oat --debuggable --instruction-set=arm64 --instruction-set-features=runtime --runtime-arg -Xhidden-api-policy:enabled --runtime-arg -Xrelocate --boot-image=/system/framework/boot.art --runtime-arg -Xms64m --runtime-arg -Xmx512m -j4 --instruction-set-variant=generic --instruction-set-features=default --generate-mini-debug-info --debuggable --generate-mini-debug-info --dex-file=/data/user/0/com.ivanmarty.rovecast/app_pccache/5/FDFFAF1835DBEDC691602F4FD7FCF27E0E4E7649/pcam.jar --output-vdex-fd=111 --oat-fd=112 --oat-location=/data/user/0/com.ivanmarty.rovecast/app_pccache/5/FDFFAF1835DBEDC691602F4FD7FCF27E0E4E7649/oat/arm64/pcam.odex --compiler-filter=verify --class-loader-context=& --compilation-reason=dynamic-load) because non-0 exit status
2025-09-20 16:28:17.061 24380-24440 nmarty.rovecas          com.ivanmarty.rovecast               I  Waiting for a blocking GC ClassLinker
2025-09-20 16:28:17.077 24380-24380 nmarty.rovecas          com.ivanmarty.rovecast               I  WaitForGcToComplete blocked ClassLinker on ClassLinker for 34.130ms
2025-09-20 16:28:17.078 24380-24440 nmarty.rovecas          com.ivanmarty.rovecast               I  Waiting for a blocking GC ClassLinker
2025-09-20 16:28:17.078 24380-24440 nmarty.rovecas          com.ivanmarty.rovecast               I  WaitForGcToComplete blocked ClassLinker on ClassLinker for 16.890ms
2025-09-20 16:28:17.167 24380-24380 CastDynamiteModuleImpl  com.ivanmarty.rovecast               I  ui created by ClassLoader dalvik.system.DelegateLastClassLoader[DexPathList[[zip file "/data/user_de/0/com.google.android.gms/app_chimera/m/000001e3/DynamiteModulesC.uncompressed.apk"],nativeLibraryDirectories=[/data/user_de/0/com.google.android.gms/app_chimera/m/000001e3/DynamiteModulesC.uncompressed.apk!/lib/arm64-v8a, /system/lib64, /hw_product/lib64, /system/product/lib64]]].
2025-09-20 16:28:17.223 24380-24380 nmarty.rovecas          com.ivanmarty.rovecast               W  Accessing hidden method Lsun/misc/Unsafe;->compareAndSwapInt(Ljava/lang/Object;JII)Z (greylist, linking, allowed)
2025-09-20 16:28:17.223 24380-24380 nmarty.rovecas          com.ivanmarty.rovecast               W  Accessing hidden method Lsun/misc/Unsafe;->compareAndSwapLong(Ljava/lang/Object;JJJ)Z (greylist, linking, allowed)
2025-09-20 16:28:17.223 24380-24380 nmarty.rovecas          com.ivanmarty.rovecast               W  Accessing hidden method Lsun/misc/Unsafe;->getIntVolatile(Ljava/lang/Object;J)I (greylist, linking, allowed)
2025-09-20 16:28:17.223 24380-24380 nmarty.rovecas          com.ivanmarty.rovecast               W  Accessing hidden method Lsun/misc/Unsafe;->getObjectVolatile(Ljava/lang/Object;J)Ljava/lang/Object; (greylist, linking, allowed)
2025-09-20 16:28:17.223 24380-24380 nmarty.rovecas          com.ivanmarty.rovecast               W  Accessing hidden method Lsun/misc/Unsafe;->putObjectVolatile(Ljava/lang/Object;JLjava/lang/Object;)V (greylist, linking, allowed)
2025-09-20 16:28:17.292 24380-24380 nmarty.rovecas          com.ivanmarty.rovecast               W  Accessing hidden method Lsun/misc/Unsafe;->compareAndSwapObject(Ljava/lang/Object;JLjava/lang/Object;Ljava/lang/Object;)Z (greylist, linking, allowed)
2025-09-20 16:28:17.293 24380-24380 nmarty.rovecas          com.ivanmarty.rovecast               W  Accessing hidden method Lsun/misc/Unsafe;->getObject(Ljava/lang/Object;J)Ljava/lang/Object; (greylist, linking, allowed)
2025-09-20 16:28:17.298 24380-24380 AdWorker(Defaul         com.ivanmarty.rovecast               W  type=1400 audit(0.0:500660): avc: granted { execute } for pid=24380 path="/data/data/com.ivanmarty.rovecast/app_pccache/5/FDFFAF1835DBEDC691602F4FD7FCF27E0E4E7649/pcam.jar" dev="mmcblk0p71" ino=13325 scontext=u:r:untrusted_app:s0:c113,c258,c512,c768 tcontext=u:object_r:app_data_file:s0:c113,c258,c512,c768 tclass=file
2025-09-20 16:28:17.339 24380-24442 WebViewFactory          com.ivanmarty.rovecast               I  Loading com.google.android.webview version 140.0.7339.51 (code 733905133)
2025-09-20 16:28:17.346 24380-24380 HwCustConn...anagerImpl com.ivanmarty.rovecast               D  isBlockNetworkRequestByNonAis, INVALID_SUBSCRIPTION_ID
2025-09-20 16:28:17.359 24380-24442 ApplicationLoaders      com.ivanmarty.rovecast               D  createClassLoader zip: /data/app/com.google.android.trichromelibrary_733905133-g9ZdU2hML5mNOGTbzt3g8Q==/base.apk librarySearchPath: /data/app/com.google.android.webview-Zwh7fKdd9-q397BEZib8pw==/lib/arm64:/data/app/com.google.android.webview-Zwh7fKdd9-q397BEZib8pw==/base.apk!/lib/arm64-v8a:/data/app/com.google.android.trichromelibrary_733905133-g9ZdU2hML5mNOGTbzt3g8Q==/base.apk!/lib/arm64-v8a libraryPermittedPath:  parent: java.lang.BootClassLoader@c069c4e targetSdkVersion: 36 isBundled: false classLoaderName: null sharedLibraries: null
2025-09-20 16:28:17.374 24380-24442 ApplicationLoaders      com.ivanmarty.rovecast               D  createClassLoader zip: /data/app/com.google.android.webview-Zwh7fKdd9-q397BEZib8pw==/base.apk librarySearchPath: /data/app/com.google.android.webview-Zwh7fKdd9-q397BEZib8pw==/lib/arm64:/data/app/com.google.android.webview-Zwh7fKdd9-q397BEZib8pw==/base.apk!/lib/arm64-v8a:/data/app/com.google.android.trichromelibrary_733905133-g9ZdU2hML5mNOGTbzt3g8Q==/base.apk!/lib/arm64-v8a libraryPermittedPath:  parent: java.lang.BootClassLoader@c069c4e targetSdkVersion: 36 isBundled: false classLoaderName: null sharedLibraries: [dalvik.system.PathClassLoader[DexPathList[[zip file "/data/app/com.google.android.trichromelibrary_733905133-g9ZdU2hML5mNOGTbzt3g8Q==/base.apk"],nativeLibraryDirectories=[/data/app/com.google.android.webview-Zwh7fKdd9-q397BEZib8pw==/lib/arm64, /data/app/com.google.android.webview-Zwh7fKdd9-q397BEZib8pw==/base.apk!/lib/arm64-v8a, /data/app/com.google.android.trichromelibrary_733905133-g9ZdU2hML5mNOGTbzt3g8Q==/base.apk!/lib/arm64-v8a, /system/lib64, /hw_product/lib64, /system/product/lib64]]]]
2025-09-20 16:28:17.392 24380-24380 HwTypeface              com.ivanmarty.rovecast               I  updateFont: scale=1.04
2025-09-20 16:28:17.395 24380-24380 SystemFonts             com.ivanmarty.rovecast               D  areFontsVariable: script=Latn
2025-09-20 16:28:17.401 24380-24380 ActivityThread          com.ivanmarty.rovecast               I  finishPreloaded preloadStatus 0
2025-09-20 16:28:17.403 24380-24380 nmarty.rovecas          com.ivanmarty.rovecast               I  Waiting for a blocking GC ClassLinker
2025-09-20 16:28:17.408 24380-24442 linker                  com.ivanmarty.rovecast               W  Warning: "/data/app/com.google.android.trichromelibrary_733905133-g9ZdU2hML5mNOGTbzt3g8Q==/base.apk!/lib/arm64-v8a/libmonochrome_64.so" unused DT entry: unknown processor-specific (type 0x70000001 arg 0x0) (ignoring)
2025-09-20 16:28:17.434 24380-24442 nmarty.rovecas          com.ivanmarty.rovecast               I  Waiting for a blocking GC ClassLinker
2025-09-20 16:28:17.456 24380-24380 nmarty.rovecas          com.ivanmarty.rovecast               I  WaitForGcToComplete blocked ClassLinker on ClassLinker for 52.277ms
2025-09-20 16:28:17.458 24380-24442 nmarty.rovecas          com.ivanmarty.rovecast               I  WaitForGcToComplete blocked ClassLinker on ClassLinker for 24.054ms
2025-09-20 16:28:17.563 24380-24442 cr_WVCFactoryProvider   com.ivanmarty.rovecast               I  version=140.0.7339.51 (733905133) minSdkVersion=29 multiprocess=true packageId=127 splits=<none>
2025-09-20 16:28:17.653 24380-24442 cr_LibraryLoader        com.ivanmarty.rovecast               I  Successfully loaded native library
2025-09-20 16:28:17.659 24380-24442 cr_CachingUmaRecorder   com.ivanmarty.rovecast               I  Flushed 7 samples from 7 histograms, 0 samples were dropped.
2025-09-20 16:28:17.682 24380-24380 ExoPlayerImpl           com.ivanmarty.rovecast               I  Init 11c1d4e [AndroidXMedia3/1.8.0] [HWMAR, MAR-LX3A, HUAWEI, 29]
2025-09-20 16:28:17.726 24380-24444 nmarty.rovecas          com.ivanmarty.rovecast               W  Accessing hidden method Lsun/misc/Unsafe;->putObject(Ljava/lang/Object;JLjava/lang/Object;)V (greylist, linking, allowed)
2025-09-20 16:28:17.726 24380-24444 nmarty.rovecas          com.ivanmarty.rovecast               W  Accessing hidden method Lsun/misc/Unsafe;->compareAndSwapObject(Ljava/lang/Object;JLjava/lang/Object;Ljava/lang/Object;)Z (greylist, linking, allowed)
2025-09-20 16:28:17.824 24380-24456 nmarty.rovecas          com.ivanmarty.rovecast               W  Accessing hidden method Lsun/misc/Unsafe;->getObject(Ljava/lang/Object;J)Ljava/lang/Object; (greylist, linking, allowed)
2025-09-20 16:28:17.837 24380-24456 nmarty.rovecas          com.ivanmarty.rovecast               W  Accessing hidden method Lsun/misc/Unsafe;->getInt(Ljava/lang/Object;J)I (greylist, linking, allowed)
2025-09-20 16:28:17.839 24380-24456 nmarty.rovecas          com.ivanmarty.rovecast               W  Accessing hidden method Lsun/misc/Unsafe;->compareAndSwapObject(Ljava/lang/Object;JLjava/lang/Object;Ljava/lang/Object;)Z (greylist, linking, allowed)
2025-09-20 16:28:17.856 24380-24444 nmarty.rovecas          com.ivanmarty.rovecast               W  Accessing hidden method Lsun/misc/Unsafe;->getLong(Ljava/lang/Object;J)J (greylist,core-platform-api, linking, allowed)
2025-09-20 16:28:17.856 24380-24444 nmarty.rovecas          com.ivanmarty.rovecast               W  Accessing hidden method Lsun/misc/Unsafe;->putInt(Ljava/lang/Object;JI)V (greylist, linking, allowed)
2025-09-20 16:28:17.880 24380-24380 nmarty.rovecas          com.ivanmarty.rovecast               W  Accessing hidden method Landroid/media/AudioTrack;->getLatency()I (greylist, reflection, allowed)
2025-09-20 16:28:17.957 24380-24444 nmarty.rovecas          com.ivanmarty.rovecast               W  Accessing hidden method Lsun/misc/Unsafe;->getInt(Ljava/lang/Object;J)I (greylist, linking, allowed)
2025-09-20 16:28:18.061 24380-24447 Ads                     com.ivanmarty.rovecast               W  Invoke Firebase method getInstance error.
2025-09-20 16:28:18.067 24380-24447 Ads                     com.ivanmarty.rovecast               W  The Google Mobile Ads SDK will not integrate with Firebase. Admob/Firebase integration requires the latest Firebase SDK jar, but Firebase SDK is either missing or out of date
2025-09-20 16:28:18.098 24380-24432 nmarty.rovecas          com.ivanmarty.rovecast               W  Accessing hidden method Lsun/misc/Unsafe;->compareAndSwapObject(Ljava/lang/Object;JLjava/lang/Object;Ljava/lang/Object;)Z (greylist, linking, allowed)
2025-09-20 16:28:18.098 24380-24429 nmarty.rovecas          com.ivanmarty.rovecast               W  Accessing hidden method Lsun/misc/Unsafe;->compareAndSwapObject(Ljava/lang/Object;JLjava/lang/Object;Ljava/lang/Object;)Z (greylist, linking, allowed)
2025-09-20 16:28:18.108 24380-24440 AudioManager            com.ivanmarty.rovecast               V  getMode...
2025-09-20 16:28:18.110 24380-24440 AudioManager            com.ivanmarty.rovecast               V  isMusicActive...
2025-09-20 16:28:18.113 24380-24440 AudioManager            com.ivanmarty.rovecast               V  isSpeakerphoneOn: false
2025-09-20 16:28:18.116 24380-24440 AudioManager            com.ivanmarty.rovecast               V  getStreamVolume streamType: 3 volume: 12
2025-09-20 16:28:18.118 24380-24440 AudioManager            com.ivanmarty.rovecast               V  getStreamVolume streamType: 2 volume: 0
2025-09-20 16:28:18.148 24380-24442 ServiceBindIntentUtils  com.ivanmarty.rovecast               W  Dynamic lookup for intent failed for action: com.google.android.gms.ads.service.CACHE
2025-09-20 16:28:18.329 24380-24380 MediaSessionImpl        com.ivanmarty.rovecast               I  Init 45d3ba3 [AndroidXMedia3/1.8.0] [HWMAR, MAR-LX3A, HUAWEI, 29]
2025-09-20 16:28:18.562 24380-24380 MediaSessionImpl        com.ivanmarty.rovecast               I  Release 45d3ba3 [AndroidXMedia3/1.8.0] [HWMAR, MAR-LX3A, HUAWEI, 29] [media3.common, media3.exoplayer, media3.decoder, media3.session]
2025-09-20 16:28:18.565 24380-24380 ExoPlayerImpl           com.ivanmarty.rovecast               I  Release 11c1d4e [AndroidXMedia3/1.8.0] [HWMAR, MAR-LX3A, HUAWEI, 29] [media3.common, media3.exoplayer, media3.decoder, media3.session]
2025-09-20 16:28:18.572 24380-24380 Choreographer           com.ivanmarty.rovecast               I  Skipped 257 frames!  The application may be doing too much work on its main thread.
2025-09-20 16:28:18.586 24380-24433 Ads                     com.ivanmarty.rovecast               W  Update ad debug logging enablement as false
2025-09-20 16:28:18.687 24380-24380 cr_CombinedPProvider    com.ivanmarty.rovecast               I  #registerProvider() provider:WV.zj@346c164 isPolicyCacheEnabled:false policyProvidersSize:0
2025-09-20 16:28:18.692 24380-24380 cr_PolicyProvider       com.ivanmarty.rovecast               I  #setManagerAndSource() 0
2025-09-20 16:28:18.774 24380-24380 cr_CombinedPProvider    com.ivanmarty.rovecast               I  #linkNativeInternal() 1
2025-09-20 16:28:18.777 24380-24380 cr_AppResProvider       com.ivanmarty.rovecast               I  #getApplicationRestrictionsFromUserManager() Bundle[EMPTY_PARCEL]
2025-09-20 16:28:18.777 24380-24380 cr_PolicyProvider       com.ivanmarty.rovecast               I  #notifySettingsAvailable() 0
2025-09-20 16:28:18.777 24380-24380 cr_CombinedPProvider    com.ivanmarty.rovecast               I  #onSettingsAvailable() 0
2025-09-20 16:28:18.777 24380-24380 cr_CombinedPProvider    com.ivanmarty.rovecast               I  #flushPolicies()
2025-09-20 16:28:19.013 24380-24380 chromium                com.ivanmarty.rovecast               W  [WARNING:android_webview/browser/network_service/net_helpers.cc:143] HTTP Cache size is: 20971520
2025-09-20 16:28:19.122 24380-24380 HwCustConn...anagerImpl com.ivanmarty.rovecast               D  isBlockNetworkRequestByNonAis, INVALID_SUBSCRIPTION_ID
2025-09-20 16:28:19.122 24380-24380 ConnectivityManager     com.ivanmarty.rovecast               I  requestNetwork and the calling app is: com.ivanmarty.rovecast
2025-09-20 16:28:19.133 24380-24380 HwCustConn...anagerImpl com.ivanmarty.rovecast               D  isBlockNetworkRequestByNonAis, INVALID_SUBSCRIPTION_ID
2025-09-20 16:28:19.168 24380-24415 ZrHung.AppEyeUiProbe    com.ivanmarty.rovecast               D  stop UiProbe
2025-09-20 16:28:19.168 24380-24415 ZrHung.AppEyeUiProbe    com.ivanmarty.rovecast               D  not watching, wait.
2025-09-20 16:28:19.297 24380-24528 CameraManagerGlobal     com.ivanmarty.rovecast               I  Connecting to camera service
2025-09-20 16:28:19.311 24380-24380 AxMediaRouter           com.ivanmarty.rovecast               W  Ignoring attempt to select selected route: MediaRouter.RouteInfo{ uniqueId=DEFAULT_ROUTE, name=Teléfono, description=null, iconUri=null, enabled=true, isSystemRoute=true, connectionState=0, canDisconnect=false, playbackType=0, playbackStream=3, deviceType=0, volumeHandling=1, volume=12, volumeMax=15, presentationDisplayId=-1, extras=null, settingsIntent=null, providerPackageName=android }
2025-09-20 16:28:19.316 24380-24380 MediaRouter             com.ivanmarty.rovecast               V  Selecting route: RouteInfo{ name=Teléfono, description=null, status=null, category=RouteCategory{ name=Sistema types=ROUTE_TYPE_LIVE_AUDIO ROUTE_TYPE_LIVE_VIDEO  groupable=false }, supportedTypes=ROUTE_TYPE_LIVE_AUDIO ROUTE_TYPE_LIVE_VIDEO , presentationDisplay=null }
2025-09-20 16:28:19.333 24380-24380 ExoPlayerImplInternal   com.ivanmarty.rovecast               W  Ignoring messages sent after release.
2025-09-20 16:28:19.334 24380-24380 ExoPlayerImplInternal   com.ivanmarty.rovecast               W  Ignoring messages sent after release.
2025-09-20 16:28:19.378 24380-24460 nmarty.rovecas          com.ivanmarty.rovecast               W  Accessing hidden method Lsun/misc/Unsafe;->getInt(Ljava/lang/Object;J)I (greylist, linking, allowed)
2025-09-20 16:28:19.378 24380-24460 nmarty.rovecas          com.ivanmarty.rovecast               W  Accessing hidden method Lsun/misc/Unsafe;->putObject(Ljava/lang/Object;JLjava/lang/Object;)V (greylist, linking, allowed)
2025-09-20 16:28:19.378 24380-24460 nmarty.rovecas          com.ivanmarty.rovecast               W  Accessing hidden method Lsun/misc/Unsafe;->putInt(Ljava/lang/Object;JI)V (greylist, linking, allowed)
2025-09-20 16:28:19.378 24380-24460 nmarty.rovecas          com.ivanmarty.rovecast               W  Accessing hidden method Lsun/misc/Unsafe;->putLong(Ljava/lang/Object;JJ)V (greylist, linking, allowed)
2025-09-20 16:28:19.384 24380-24380 AwareBitmapCacher       com.ivanmarty.rovecast               D  handleInit switch not opened pid=24380
2025-09-20 16:28:19.386 24380-24460 nmarty.rovecas          com.ivanmarty.rovecast               W  Accessing hidden method Lsun/misc/Unsafe;->getObject(Ljava/lang/Object;J)Ljava/lang/Object; (greylist, linking, allowed)
2025-09-20 16:28:19.420 24380-24517 cr_media                com.ivanmarty.rovecast               W  getBluetoothAdapter() requires BLUETOOTH permission
2025-09-20 16:28:19.420 24380-24517 cr_media                com.ivanmarty.rovecast               W  registerBluetoothIntentsIfNeeded: Requires BLUETOOTH permission
2025-09-20 16:28:19.428 24380-24530 iGraphics               com.ivanmarty.rovecast               I  [0020080c] pn: com.ivanmarty.rovecast, p: 24380
2025-09-20 16:28:19.429 24380-24530 iGraphics               com.ivanmarty.rovecast               I  [0030080c] no spt app: com.ivanmarty.rovecast
2025-09-20 16:28:20.109 24380-24439 nmarty.rovecas          com.ivanmarty.rovecast               W  Accessing hidden method Lsun/misc/Unsafe;->compareAndSwapObject(Ljava/lang/Object;JLjava/lang/Object;Ljava/lang/Object;)Z (greylist, linking, allowed)
2025-09-20 16:28:20.194 24380-24453 Ads                     com.ivanmarty.rovecast               W  Not retrying to fetch app settings
2025-09-20 16:28:20.277 24380-24562 ServiceBindIntentUtils  com.ivanmarty.rovecast               W  Dynamic lookup for intent failed for action: com.google.android.gms.ads.service.START
2025-09-20 16:28:20.298 24380-24523 VideoCapabilities       com.ivanmarty.rovecast               W  Unrecognized profile/level 0/0 for video/mpeg2
2025-09-20 16:28:20.298 24380-24523 VideoCapabilities       com.ivanmarty.rovecast               W  Unrecognized profile/level 0/2 for video/mpeg2
2025-09-20 16:28:20.301 24380-24523 VideoCapabilities       com.ivanmarty.rovecast               W  Unrecognized profile/level 0/3 for video/mpeg2
2025-09-20 16:28:20.316 24380-24523 VideoCapabilities       com.ivanmarty.rovecast               I  Unsupported profile 5 for video/mpeg2
2025-09-20 16:28:20.316 24380-24523 chatty                  com.ivanmarty.rovecast               I  uid=10625(com.ivanmarty.rovecast) ThreadPoolSingl identical 2 lines
2025-09-20 16:28:20.316 24380-24523 VideoCapabilities       com.ivanmarty.rovecast               I  Unsupported profile 5 for video/mpeg2
2025-09-20 16:28:20.319 24380-24523 VideoCapabilities       com.ivanmarty.rovecast               W  Unrecognized profile/level 1/32 for video/mp4v-es
2025-09-20 16:28:20.319 24380-24523 VideoCapabilities       com.ivanmarty.rovecast               W  Unrecognized profile/level 32768/2 for video/mp4v-es
2025-09-20 16:28:20.319 24380-24523 VideoCapabilities       com.ivanmarty.rovecast               W  Unrecognized profile/level 32768/64 for video/mp4v-es
2025-09-20 16:28:20.331 24380-24562 nmarty.rovecas          com.ivanmarty.rovecast               W  Accessing hidden method Lsun/misc/Unsafe;->putObject(Ljava/lang/Object;JLjava/lang/Object;)V (greylist, linking, allowed)
2025-09-20 16:28:20.511 24380-24380 nmarty.rovecas          com.ivanmarty.rovecast               W  Accessing hidden field Landroid/content/pm/ApplicationInfo;->primaryCpuAbi:Ljava/lang/String; (greylist, reflection, allowed)
2025-09-20 16:28:20.643 24380-24380 nmarty.rovecas          com.ivanmarty.rovecast               W  Accessing hidden method Lsun/misc/Unsafe;->compareAndSwapObject(Ljava/lang/Object;JLjava/lang/Object;Ljava/lang/Object;)Z (greylist, linking, allowed)
2025-09-20 16:28:20.655 24380-24380 Ads                     com.ivanmarty.rovecast               I  JS: The jsLoaded GMSG has been sent (https://googleads.g.doubleclick.net/mads/static/sdk/native/sdk-core-v40.html:985)
2025-09-20 16:28:20.655 24380-24380 chromium                com.ivanmarty.rovecast               I  [INFO:CONSOLE:985] "The jsLoaded GMSG has been sent", source: https://googleads.g.doubleclick.net/mads/static/sdk/native/sdk-core-v40.html (985)
2025-09-20 16:28:20.802 24380-24405 nmarty.rovecas          com.ivanmarty.rovecast               W  Accessing hidden method Lsun/misc/Unsafe;->compareAndSwapObject(Ljava/lang/Object;JLjava/lang/Object;Ljava/lang/Object;)Z (greylist, linking, allowed)
2025-09-20 16:28:20.897 24380-24380 Ads                     com.ivanmarty.rovecast               I  Ad failed to load : 3
2025-09-20 16:28:23.624 24380-24581 ProfileInstaller        com.ivanmarty.rovecast               D  Installing profile for com.ivanmarty.rovecast
2025-09-20 16:28:38.567 24380-24380 nmarty.rovecas          com.ivanmarty.rovecast               W  Accessing hidden method Llibcore/io/Memory;->pokeByte(JB)V (greylist, reflection, allowed)
2025-09-20 16:28:38.567 24380-24380 nmarty.rovecas          com.ivanmarty.rovecast               W  Accessing hidden method Llibcore/io/Memory;->peekByte(J)B (greylist, reflection, allowed)
2025-09-20 16:28:38.569 24380-24380 nmarty.rovecas          com.ivanmarty.rovecast               W  Accessing hidden method Lsun/misc/Unsafe;->getLong(Ljava/lang/Object;J)J (greylist,core-platform-api, reflection, allowed)
2025-09-20 16:28:38.570 24380-24380 nmarty.rovecas          com.ivanmarty.rovecast               W  Accessing hidden method Lsun/misc/Unsafe;->getInt(Ljava/lang/Object;J)I (greylist, reflection, allowed)
2025-09-20 16:28:38.570 24380-24380 nmarty.rovecas          com.ivanmarty.rovecast               W  Accessing hidden method Lsun/misc/Unsafe;->putInt(Ljava/lang/Object;JI)V (greylist, reflection, allowed)
2025-09-20 16:28:38.570 24380-24380 nmarty.rovecas          com.ivanmarty.rovecast               W  Accessing hidden method Lsun/misc/Unsafe;->getLong(Ljava/lang/Object;J)J (greylist,core-platform-api, reflection, allowed)
2025-09-20 16:28:38.570 24380-24380 nmarty.rovecas          com.ivanmarty.rovecast               W  Accessing hidden method Lsun/misc/Unsafe;->putLong(Ljava/lang/Object;JJ)V (greylist, reflection, allowed)
2025-09-20 16:28:38.570 24380-24380 nmarty.rovecas          com.ivanmarty.rovecast               W  Accessing hidden method Lsun/misc/Unsafe;->getObject(Ljava/lang/Object;J)Ljava/lang/Object; (greylist, reflection, allowed)
2025-09-20 16:28:38.571 24380-24380 nmarty.rovecas          com.ivanmarty.rovecast               W  Accessing hidden method Lsun/misc/Unsafe;->putObject(Ljava/lang/Object;JLjava/lang/Object;)V (greylist, reflection, allowed)
2025-09-20 16:28:38.574 24380-24380 nmarty.rovecas          com.ivanmarty.rovecast               W  Accessing hidden method Lsun/misc/Unsafe;->getInt(Ljava/lang/Object;J)I (greylist, linking, allowed)
2025-09-20 16:28:38.578 24380-24380 nmarty.rovecas          com.ivanmarty.rovecast               W  Accessing hidden method Lsun/misc/Unsafe;->putObject(Ljava/lang/Object;JLjava/lang/Object;)V (greylist, linking, allowed)
2025-09-20 16:28:38.579 24380-24380 nmarty.rovecas          com.ivanmarty.rovecast               W  Accessing hidden method Lsun/misc/Unsafe;->putInt(Ljava/lang/Object;JI)V (greylist, linking, allowed)
2025-09-20 16:28:38.580 24380-24380 nmarty.rovecas          com.ivanmarty.rovecast               W  Accessing hidden method Lsun/misc/Unsafe;->getObject(Ljava/lang/Object;J)Ljava/lang/Object; (greylist, linking, allowed)
2025-09-20 16:28:38.580 24380-24380 nmarty.rovecas          com.ivanmarty.rovecast               W  Accessing hidden method Lsun/misc/Unsafe;->putLong(Ljava/lang/Object;JJ)V (greylist, linking, allowed)
2025-09-20 16:28:38.633 24380-24380 nmarty.rovecas          com.ivanmarty.rovecast               W  Accessing hidden method Lsun/misc/Unsafe;->getLong(Ljava/lang/Object;J)J (greylist,core-platform-api, linking, allowed)
2025-09-20 16:28:38.655 24380-24380 nmarty.rovecas          com.ivanmarty.rovecast               W  Accessing hidden method Lsun/misc/Unsafe;->putObject(Ljava/lang/Object;JLjava/lang/Object;)V (greylist, linking, allowed)
2025-09-20 16:28:38.656 24380-24380 nmarty.rovecas          com.ivanmarty.rovecast               W  Accessing hidden method Lsun/misc/Unsafe;->getObject(Ljava/lang/Object;J)Ljava/lang/Object; (greylist, linking, allowed)
2025-09-20 16:28:38.672 24380-24380 nmarty.rovecas          com.ivanmarty.rovecast               W  Accessing hidden method Lsun/misc/Unsafe;->compareAndSwapObject(Ljava/lang/Object;JLjava/lang/Object;Ljava/lang/Object;)Z (greylist, linking, allowed)
2025-09-20 16:28:38.774 24380-24484 nmarty.rovecas          com.ivanmarty.rovecast               W  Accessing hidden method Lsun/misc/Unsafe;->getLong(Ljava/lang/Object;J)J (greylist,core-platform-api, linking, allowed)
2025-09-20 16:28:38.810 24380-24602 nmarty.rovecas          com.ivanmarty.rovecast               W  Accessing hidden method Ldalvik/system/VMStack;->getStackClass2()Ljava/lang/Class; (greylist, reflection, allowed)
2025-09-20 16:28:38.839 24380-24602 FilePhenotypeFlags      com.ivanmarty.rovecast               E  Config package com.google.android.gms.clearcut_client#com.ivanmarty.rovecast cannot use FILE backing without declarative registration. See go/phenotype-android-integration#phenotype for more information. This will lead to stale flags.
2025-09-20 16:28:48.878 24380-24406 nmarty.rovecas          com.ivanmarty.rovecast               W  Accessing hidden method Lsun/misc/Unsafe;->getObject(Ljava/lang/Object;J)Ljava/lang/Object; (greylist, linking, allowed)
2025-09-20 16:28:48.878 24380-24406 nmarty.rovecas          com.ivanmarty.rovecast               W  Accessing hidden method Lsun/misc/Unsafe;->putObject(Ljava/lang/Object;JLjava/lang/Object;)V (greylist, linking, allowed)
2025-09-20 16:28:48.890 24380-24602 nmarty.rovecas          com.ivanmarty.rovecast               W  Accessing hidden method Lsun/misc/Unsafe;->getLong(Ljava/lang/Object;J)J (greylist,core-platform-api, linking, allowed)
