2025-09-20 16:53:35.810  1099-1214  AwareLog                hwpged                               E  iawared: WorkingsetPathCheckInternal Failed to lstat(/data/system/iaware/workingset/com.ivanmarty.rovecast/): 2
2025-09-20 16:53:35.810  1099-1214  AwareLog                hwpged                               E  iawared: WorkingsetPathCheck Failed to delete directory(/data/system/iaware/workingset/com.ivanmarty.rovecast/): 2
2025-09-20 16:53:36.219  1580-1580  nmarty.rovecas          com.ivanmarty.rovecast               I  Late-enabling -Xcheck:jni
2025-09-20 16:53:36.266  1580-1580  nmarty.rovecas          com.ivanmarty.rovecast               E  LoadAppImageStartupCache enabled : 1
2025-09-20 16:53:36.266  1580-1580  nmarty.rovecas          com.ivanmarty.rovecast               E  Unknown bits set in runtime_flags: 0x8000
2025-09-20 16:53:36.269  1580-1580  nmarty.rovecas          com.ivanmarty.rovecast               I  Reinit property: dalvik.vm.checkjni= false
2025-09-20 16:53:36.269  1580-1580  nmarty.rovecas          com.ivanmarty.rovecast               I  ReInitProperties: persist.vm.debug.dumpapi= false
2025-09-20 16:53:36.335  1580-1580  ActivityThread          com.ivanmarty.rovecast               D  Attach thread to application
2025-09-20 16:53:36.476  1580-1787  ActivityThread          com.ivanmarty.rovecast               I  Init compatible state: true
2025-09-20 16:53:36.485  1580-1787  HwFramewor...rtsFactory com.ivanmarty.rovecast               D  HwFrameworkSecurityPartsFactory in.
2025-09-20 16:53:36.485  1580-1787  HwFramewor...rtsFactory com.ivanmarty.rovecast               I  add HwFrameworkSecurityPartsFactory to memory.
2025-09-20 16:53:36.502  1580-1787  BehaviorCollectManager  com.ivanmarty.rovecast               E  Fail to acquire dataAnalyzerService...
2025-09-20 16:53:36.503  1580-1580  ApplicationLoaders      com.ivanmarty.rovecast               D  createClassLoader zip: /data/app/com.ivanmarty.rovecast-RBexy-kc6Hm0OMD8gTrm_g==/base.apk librarySearchPath: /data/app/com.ivanmarty.rovecast-RBexy-kc6Hm0OMD8gTrm_g==/lib/arm64 libraryPermittedPath: /data/user/0/com.ivanmarty.rovecast parent: java.lang.BootClassLoader@c069c4e targetSdkVersion: 35 isBundled: false classLoaderName: null sharedLibraries: null
2025-09-20 16:53:39.248  1580-1797  HwPartIawareFactory     com.ivanmarty.rovecast               I  add android.common.HwPartIawareFactoryImpl to memory.
2025-09-20 16:53:40.429  1580-1787  HwApiCacheMangerEx      com.ivanmarty.rovecast               I  apicache path=/storage/emulated/0 state=mounted key=com.ivanmarty.rovecast#10626#256
2025-09-20 16:53:40.430  1580-1787  HwApiCacheMangerEx      com.ivanmarty.rovecast               I  need clear apicache,because volumes changed,oldCnt=0 newCnt=1
2025-09-20 16:53:40.440  1580-1787  HwApiCacheMangerEx      com.ivanmarty.rovecast               I  apicache path=/storage/emulated/0 state=mounted key=com.ivanmarty.rovecast#10626#0
2025-09-20 16:53:40.440  1580-1787  HwApiCacheMangerEx      com.ivanmarty.rovecast               I  need clear apicache,because volumes changed,oldCnt=1 newCnt=1
2025-09-20 16:53:40.461  1580-1580  WM-WrkMgrInitializer    com.ivanmarty.rovecast               D  Initializing WorkManager with default configuration.
2025-09-20 16:53:40.462  1580-2347  AwareLog                com.ivanmarty.rovecast               E  AtomicFileUtils: readFileLines file not exist: android.util.AtomicFile@67fa6b9
2025-09-20 16:53:40.464  1580-2347  AwareLog                com.ivanmarty.rovecast               E  AtomicFileUtils: readFileLines file not exist: android.util.AtomicFile@53c8afe
2025-09-20 16:53:40.464  1580-1787  AwareBitmapCacher       com.ivanmarty.rovecast               I  init processName:com.ivanmarty.rovecast pid=1580 uid=10626
2025-09-20 16:53:41.059  1580-1580  ApplicationLoaders      com.ivanmarty.rovecast               D  createClassLoader zip: /system/framework/org.apache.http.legacy.jar librarySearchPath: /data/app/com.google.android.gms-rRksavvBNXgRsDVlt2sxZQ==/lib/arm64:/data/app/com.google.android.gms-rRksavvBNXgRsDVlt2sxZQ==/base.apk!/lib/arm64-v8a:/data/app/com.google.android.gms-rRksavvBNXgRsDVlt2sxZQ==/split_config.es.apk!/lib/arm64-v8a:/data/app/com.google.android.gms-rRksavvBNXgRsDVlt2sxZQ==/split_config.xxhdpi.apk!/lib/arm64-v8a libraryPermittedPath: /data/user/0/com.google.android.gms parent: java.lang.BootClassLoader@c069c4e targetSdkVersion: 36 isBundled: false classLoaderName: null sharedLibraries: null
2025-09-20 16:53:41.063  1580-1580  nmarty.rovecas          com.ivanmarty.rovecast               I  The ClassLoaderContext is a special shared library.
2025-09-20 16:53:41.069  1580-1580  ApplicationLoaders      com.ivanmarty.rovecast               D  createClassLoader zip: /system/framework/com.android.media.remotedisplay.jar librarySearchPath: /data/app/com.google.android.gms-rRksavvBNXgRsDVlt2sxZQ==/lib/arm64:/data/app/com.google.android.gms-rRksavvBNXgRsDVlt2sxZQ==/base.apk!/lib/arm64-v8a:/data/app/com.google.android.gms-rRksavvBNXgRsDVlt2sxZQ==/split_config.es.apk!/lib/arm64-v8a:/data/app/com.google.android.gms-rRksavvBNXgRsDVlt2sxZQ==/split_config.xxhdpi.apk!/lib/arm64-v8a libraryPermittedPath: /data/user/0/com.google.android.gms parent: java.lang.BootClassLoader@c069c4e targetSdkVersion: 36 isBundled: false classLoaderName: null sharedLibraries: null
2025-09-20 16:53:41.076  1580-1580  nmarty.rovecas          com.ivanmarty.rovecast               I  The ClassLoaderContext is a special shared library.
2025-09-20 16:53:41.079  1580-1580  ApplicationLoaders      com.ivanmarty.rovecast               D  createClassLoader zip: /system/framework/com.android.location.provider.jar librarySearchPath: /data/app/com.google.android.gms-rRksavvBNXgRsDVlt2sxZQ==/lib/arm64:/data/app/com.google.android.gms-rRksavvBNXgRsDVlt2sxZQ==/base.apk!/lib/arm64-v8a:/data/app/com.google.android.gms-rRksavvBNXgRsDVlt2sxZQ==/split_config.es.apk!/lib/arm64-v8a:/data/app/com.google.android.gms-rRksavvBNXgRsDVlt2sxZQ==/split_config.xxhdpi.apk!/lib/arm64-v8a libraryPermittedPath: /data/user/0/com.google.android.gms parent: java.lang.BootClassLoader@c069c4e targetSdkVersion: 36 isBundled: false classLoaderName: null sharedLibraries: null
2025-09-20 16:53:41.083  1580-1580  nmarty.rovecas          com.ivanmarty.rovecast               I  The ClassLoaderContext is a special shared library.
2025-09-20 16:53:41.086  1580-1580  ApplicationLoaders      com.ivanmarty.rovecast               D  createClassLoader zip: /data/app/com.google.android.gms-rRksavvBNXgRsDVlt2sxZQ==/base.apk:/data/app/com.google.android.gms-rRksavvBNXgRsDVlt2sxZQ==/split_config.es.apk:/data/app/com.google.android.gms-rRksavvBNXgRsDVlt2sxZQ==/split_config.xxhdpi.apk librarySearchPath: /data/app/com.google.android.gms-rRksavvBNXgRsDVlt2sxZQ==/lib/arm64:/data/app/com.google.android.gms-rRksavvBNXgRsDVlt2sxZQ==/base.apk!/lib/arm64-v8a:/data/app/com.google.android.gms-rRksavvBNXgRsDVlt2sxZQ==/split_config.es.apk!/lib/arm64-v8a:/data/app/com.google.android.gms-rRksavvBNXgRsDVlt2sxZQ==/split_config.xxhdpi.apk!/lib/arm64-v8a libraryPermittedPath: /data/user/0/com.google.android.gms parent: java.lang.BootClassLoader@c069c4e targetSdkVersion: 36 isBundled: false classLoaderName: null sharedLibraries: [dalvik.system.PathClassLoader[DexPathList[[zip file "/system/framework/org.apache.http.legacy.jar"],nativeLibraryDirectories=[/data/app/com.google.android.gms-rRksavvBNXgRsDVlt2sxZQ==/lib/arm64, /data/app/com.google.android.gms-rRksavvBNXgRsDVlt2sxZQ==/base.apk!/lib/arm64-v8a, /data/app/com.google.android.gms-rRksavvBNXgRsDVlt2sxZQ==/split_config.es.apk!/lib/arm64-v8a, /data/app/com.google.android.gms-rRksavvBNXgRsDVlt2sxZQ==/split_config.xxhdpi.apk!/lib/arm64-v8a, /system/lib64, /hw_product/lib64, /system/product/lib64]]], dalvik.system.PathClassLoader[DexPathList[[zip file "/system/framework/com.android.media.remotedisplay.jar"],nativeLibraryDirectories=[/data/app/com.google.android.gms-rRksavvBNXgRsDVlt2sxZQ==/lib/arm64, /data/app/com.google.android.gms-rRksavvBNXgRsDVlt2sxZQ==/base.apk!/lib/arm64-v8a, /data/app/com.google.android.gms-rRksavvBNXgRsDVlt2sxZQ==/split_config.es.apk!/lib/arm64-v8a, /data/app/com.google.android.gms-rRksavvBNXgRsDVlt2sxZQ==/split_config.xxhdpi.apk!/lib/arm64-v8a, /system/lib64, /hw_product/lib64, /system/product/lib64]]], dalvik.system.PathClassLoader[DexPathList[[zip file "/system/framework/com.android.location.provider.jar"],nativeLibraryDirectories=[/data/app/com.google.android.gms-rRksavvBNXgRsDVlt2sxZQ==/lib/arm64, /data/app/com.google.android.gms-rRksavvBNXgRsDVlt2sxZQ==/base.apk!/lib/arm64-v8a, /data/app/com.google.android.gms-rRksavvBNXgRsDVlt2sxZQ==/split_config.es.apk!/lib/arm64-v8a, /data/app/com.google.android.gms-rRksavvBNXgRsDVlt2sxZQ==/split_config.xxhdpi.apk!/lib/arm64-v8a, /system/lib64, /hw_product/lib64, /system/product/lib64]]]]
2025-09-20 16:53:41.318  1580-1580  DynamiteModule          com.ivanmarty.rovecast               I  Considering local module com.google.android.gms.ads.dynamite:0 and remote module com.google.android.gms.ads.dynamite:253405700
2025-09-20 16:53:41.324  1580-1580  DynamiteModule          com.ivanmarty.rovecast               I  Selected remote version of com.google.android.gms.ads.dynamite, version >= 253405700
2025-09-20 16:53:41.981  1580-1580  DynamitePackage         com.ivanmarty.rovecast               D  Instantiated singleton DynamitePackage.
2025-09-20 16:53:41.981  1580-1580  DynamitePackage         com.ivanmarty.rovecast               D  Instantiating com.google.android.gms.ads.ChimeraMobileAdsSettingManagerCreatorImpl
2025-09-20 16:53:42.058  1580-1580  nmarty.rovecas          com.ivanmarty.rovecast               W  Accessing hidden method Lsun/misc/Unsafe;->arrayBaseOffset(Ljava/lang/Class;)I (greylist,core-platform-api, linking, allowed)
2025-09-20 16:53:42.058  1580-1580  nmarty.rovecas          com.ivanmarty.rovecast               W  Accessing hidden method Lsun/misc/Unsafe;->arrayIndexScale(Ljava/lang/Class;)I (greylist, linking, allowed)
2025-09-20 16:53:42.058  1580-1580  nmarty.rovecas          com.ivanmarty.rovecast               W  Accessing hidden method Lsun/misc/Unsafe;->compareAndSwapInt(Ljava/lang/Object;JII)Z (greylist, linking, allowed)
2025-09-20 16:53:42.058  1580-1580  nmarty.rovecas          com.ivanmarty.rovecast               W  Accessing hidden method Lsun/misc/Unsafe;->compareAndSwapLong(Ljava/lang/Object;JJJ)Z (greylist, linking, allowed)
2025-09-20 16:53:42.058  1580-1580  nmarty.rovecas          com.ivanmarty.rovecast               W  Accessing hidden method Lsun/misc/Unsafe;->getIntVolatile(Ljava/lang/Object;J)I (greylist, linking, allowed)
2025-09-20 16:53:42.058  1580-1580  nmarty.rovecas          com.ivanmarty.rovecast               W  Accessing hidden method Lsun/misc/Unsafe;->getObjectVolatile(Ljava/lang/Object;J)Ljava/lang/Object; (greylist, linking, allowed)
2025-09-20 16:53:42.058  1580-1580  nmarty.rovecas          com.ivanmarty.rovecast               W  Accessing hidden method Lsun/misc/Unsafe;->objectFieldOffset(Ljava/lang/reflect/Field;)J (greylist,core-platform-api, linking, allowed)
2025-09-20 16:53:42.058  1580-1580  nmarty.rovecas          com.ivanmarty.rovecast               W  Accessing hidden method Lsun/misc/Unsafe;->putObjectVolatile(Ljava/lang/Object;JLjava/lang/Object;)V (greylist, linking, allowed)
2025-09-20 16:53:42.058  1580-1580  nmarty.rovecas          com.ivanmarty.rovecast               W  Accessing hidden field Lsun/misc/Unsafe;->theUnsafe:Lsun/misc/Unsafe; (greylist, reflection, allowed)
2025-09-20 16:53:42.129  1580-1580  nmarty.rovecas          com.ivanmarty.rovecast               W  Accessing hidden method Lsun/misc/Unsafe;->getUnsafe()Lsun/misc/Unsafe; (greylist,core-platform-api, linking, allowed)
2025-09-20 16:53:42.130  1580-1580  nmarty.rovecas          com.ivanmarty.rovecast               W  Accessing hidden method Lsun/misc/Unsafe;->putObject(Ljava/lang/Object;JLjava/lang/Object;)V (greylist, linking, allowed)
2025-09-20 16:53:42.141  1580-1580  HwCustConn...anagerImpl com.ivanmarty.rovecast               D  isBlockNetworkRequestByNonAis, INVALID_SUBSCRIPTION_ID
2025-09-20 16:53:42.142  1580-1580  ConnectivityManager     com.ivanmarty.rovecast               I  requestNetwork and the calling app is: com.ivanmarty.rovecast
2025-09-20 16:53:42.154  1580-1580  Ads                     com.ivanmarty.rovecast               I  Updating ad debug logging enablement.
2025-09-20 16:53:42.156  1580-1580  nmarty.rovecas          com.ivanmarty.rovecast               W  Accessing hidden method Lsun/misc/Unsafe;->compareAndSwapObject(Ljava/lang/Object;JLjava/lang/Object;Ljava/lang/Object;)Z (greylist, linking, allowed)
2025-09-20 16:53:42.157  1580-1580  nmarty.rovecas          com.ivanmarty.rovecast               W  Accessing hidden method Lsun/misc/Unsafe;->getObject(Ljava/lang/Object;J)Ljava/lang/Object; (greylist, linking, allowed)
2025-09-20 16:53:42.159  1580-2490  nmarty.rovecas          com.ivanmarty.rovecast               W  Accessing hidden method Lsun/misc/Unsafe;->compareAndSwapObject(Ljava/lang/Object;JLjava/lang/Object;Ljava/lang/Object;)Z (greylist, linking, allowed)
2025-09-20 16:53:42.159  1580-2490  nmarty.rovecas          com.ivanmarty.rovecast               W  Accessing hidden method Lsun/misc/Unsafe;->getObject(Ljava/lang/Object;J)Ljava/lang/Object; (greylist, linking, allowed)
2025-09-20 16:53:42.684  1580-2487  NetworkSecurityConfig   com.ivanmarty.rovecast               D  Using Network Security Config from resource network_security_config debugBuild: true
2025-09-20 16:53:42.692  1580-2503  nmarty.rovecas          com.ivanmarty.rovecast               W  Accessing hidden method Lsun/misc/Unsafe;->putObject(Ljava/lang/Object;JLjava/lang/Object;)V (greylist, linking, allowed)
2025-09-20 16:53:42.771  1580-1580  DynamitePackage         com.ivanmarty.rovecast               D  Instantiating com.google.android.gms.ads.ChimeraAdPreloaderCreatorImpl
2025-09-20 16:53:42.790  1580-2505  nmarty.rovecas          com.ivanmarty.rovecast               W  Accessing hidden method Lsun/misc/Unsafe;->compareAndSwapObject(Ljava/lang/Object;JLjava/lang/Object;Ljava/lang/Object;)Z (greylist, linking, allowed)
2025-09-20 16:53:42.825  1580-2515  DynamitePackage         com.ivanmarty.rovecast               D  Instantiating com.google.android.gms.ads.ChimeraAdManagerCreatorImpl
2025-09-20 16:53:42.882  1580-2515  Ads                     com.ivanmarty.rovecast               I  Use RequestConfiguration.Builder().setTestDeviceIds(Arrays.asList("AFC033BBEAF477A33219CE7057D05B14")) to get test ads on this device.
2025-09-20 16:53:42.898  1580-1580  MediaRouter             com.ivanmarty.rovecast               V  Selecting route: RouteInfo{ name=Teléfono, description=null, status=null, category=RouteCategory{ name=Sistema types=ROUTE_TYPE_LIVE_AUDIO ROUTE_TYPE_LIVE_VIDEO  groupable=false }, supportedTypes=ROUTE_TYPE_LIVE_AUDIO ROUTE_TYPE_LIVE_VIDEO , presentationDisplay=null }
2025-09-20 16:53:42.901  1580-2538  nmarty.rovecas          com.ivanmarty.rovecast               W  Accessing hidden method Lsun/misc/Unsafe;->getObject(Ljava/lang/Object;J)Ljava/lang/Object; (greylist, linking, allowed)
2025-09-20 16:53:42.902  1580-2538  nmarty.rovecas          com.ivanmarty.rovecast               W  Accessing hidden method Lsun/misc/Unsafe;->putObject(Ljava/lang/Object;JLjava/lang/Object;)V (greylist, linking, allowed)
2025-09-20 16:53:42.918  1580-1580  AxMediaRouter           com.ivanmarty.rovecast               I  Found default route: MediaRouter.RouteInfo{ uniqueId=DEFAULT_ROUTE, name=Teléfono, description=null, iconUri=null, enabled=true, isSystemRoute=true, connectionState=0, canDisconnect=false, playbackType=0, playbackStream=3, deviceType=0, volumeHandling=1, volume=12, volumeMax=15, presentationDisplayId=-1, extras=null, settingsIntent=null, providerPackageName=android }
2025-09-20 16:53:42.919  1580-1580  AxMediaRouter           com.ivanmarty.rovecast               I  Unselecting the current route because it is no longer selectable: null
2025-09-20 16:53:42.919  1580-2538  nmarty.rovecas          com.ivanmarty.rovecast               W  Accessing hidden method Lsun/misc/Unsafe;->getInt(Ljava/lang/Object;J)I (greylist, linking, allowed)
2025-09-20 16:53:42.920  1580-2538  nmarty.rovecas          com.ivanmarty.rovecast               W  Accessing hidden method Lsun/misc/Unsafe;->getLong(Ljava/lang/Object;J)J (greylist,core-platform-api, linking, allowed)
2025-09-20 16:53:42.921  1580-2538  nmarty.rovecas          com.ivanmarty.rovecast               W  Accessing hidden method Lsun/misc/Unsafe;->putInt(Ljava/lang/Object;JI)V (greylist, linking, allowed)
2025-09-20 16:53:42.921  1580-2538  nmarty.rovecas          com.ivanmarty.rovecast               W  Accessing hidden method Lsun/misc/Unsafe;->putLong(Ljava/lang/Object;JJ)V (greylist, linking, allowed)
2025-09-20 16:53:42.922  1580-2538  nmarty.rovecas          com.ivanmarty.rovecast               W  Accessing hidden method Lsun/misc/Unsafe;->putInt(Ljava/lang/Object;JI)V (greylist, linking, allowed)
2025-09-20 16:53:42.936  1580-2538  nmarty.rovecas          com.ivanmarty.rovecast               W  Accessing hidden method Lsun/misc/Unsafe;->allocateInstance(Ljava/lang/Class;)Ljava/lang/Object; (greylist, linking, allowed)
2025-09-20 16:53:42.937  1580-1580  DynamiteModule          com.ivanmarty.rovecast               I  Considering local module com.google.android.gms.cast.framework.dynamite:0 and remote module com.google.android.gms.cast.framework.dynamite:253534000
2025-09-20 16:53:42.937  1580-1580  DynamiteModule          com.ivanmarty.rovecast               I  Selected remote version of com.google.android.gms.cast.framework.dynamite, version >= 253534000
2025-09-20 16:53:42.937  1580-2538  nmarty.rovecas          com.ivanmarty.rovecast               W  Accessing hidden method Llibcore/io/Memory;->peekLong(JZ)J (greylist, reflection, allowed)
2025-09-20 16:53:42.937  1580-1580  DynamiteModule          com.ivanmarty.rovecast               V  Dynamite loader version >= 2, using loadModule2NoCrashUtils
2025-09-20 16:53:42.937  1580-2538  nmarty.rovecas          com.ivanmarty.rovecast               W  Accessing hidden method Llibcore/io/Memory;->pokeLong(JJZ)V (greylist, reflection, allowed)
2025-09-20 16:53:42.938  1580-2538  nmarty.rovecas          com.ivanmarty.rovecast               W  Accessing hidden method Llibcore/io/Memory;->pokeInt(JIZ)V (greylist, reflection, allowed)
2025-09-20 16:53:42.938  1580-2538  nmarty.rovecas          com.ivanmarty.rovecast               W  Accessing hidden method Llibcore/io/Memory;->peekInt(JZ)I (greylist, reflection, allowed)
2025-09-20 16:53:42.938  1580-2538  nmarty.rovecas          com.ivanmarty.rovecast               W  Accessing hidden method Llibcore/io/Memory;->pokeByte(JB)V (greylist, reflection, allowed)
2025-09-20 16:53:42.938  1580-2538  nmarty.rovecas          com.ivanmarty.rovecast               W  Accessing hidden method Llibcore/io/Memory;->peekByte(J)B (greylist, reflection, allowed)
2025-09-20 16:53:42.938  1580-2538  nmarty.rovecas          com.ivanmarty.rovecast               W  Accessing hidden method Llibcore/io/Memory;->pokeByteArray(J[BII)V (greylist, reflection, allowed)
2025-09-20 16:53:42.938  1580-2538  nmarty.rovecas          com.ivanmarty.rovecast               W  Accessing hidden method Llibcore/io/Memory;->peekByteArray(J[BII)V (greylist, reflection, allowed)
2025-09-20 16:53:42.938  1580-2538  nmarty.rovecas          com.ivanmarty.rovecast               W  Accessing hidden method Llibcore/io/Memory;->peekByte(J)B (greylist, linking, allowed)
2025-09-20 16:53:42.939  1580-2538  nmarty.rovecas          com.ivanmarty.rovecast               W  Accessing hidden method Lsun/misc/Unsafe;->getLong(Ljava/lang/Object;J)J (greylist,core-platform-api, reflection, allowed)
2025-09-20 16:53:42.939  1580-2538  nmarty.rovecas          com.ivanmarty.rovecast               W  Accessing hidden field Ljava/nio/Buffer;->address:J (greylist, reflection, allowed)
2025-09-20 16:53:42.939  1580-2538  nmarty.rovecas          com.ivanmarty.rovecast               W  Accessing hidden method Lsun/misc/Unsafe;->getInt(Ljava/lang/Object;J)I (greylist, reflection, allowed)
2025-09-20 16:53:42.939  1580-2538  nmarty.rovecas          com.ivanmarty.rovecast               W  Accessing hidden method Lsun/misc/Unsafe;->putInt(Ljava/lang/Object;JI)V (greylist, reflection, allowed)
2025-09-20 16:53:42.939  1580-2538  nmarty.rovecas          com.ivanmarty.rovecast               W  Accessing hidden method Lsun/misc/Unsafe;->getLong(Ljava/lang/Object;J)J (greylist,core-platform-api, reflection, allowed)
2025-09-20 16:53:42.939  1580-2538  nmarty.rovecas          com.ivanmarty.rovecast               W  Accessing hidden method Lsun/misc/Unsafe;->putLong(Ljava/lang/Object;JJ)V (greylist, reflection, allowed)
2025-09-20 16:53:42.939  1580-2538  nmarty.rovecas          com.ivanmarty.rovecast               W  Accessing hidden method Lsun/misc/Unsafe;->getObject(Ljava/lang/Object;J)Ljava/lang/Object; (greylist, reflection, allowed)
2025-09-20 16:53:42.939  1580-2538  nmarty.rovecas          com.ivanmarty.rovecast               W  Accessing hidden method Lsun/misc/Unsafe;->putObject(Ljava/lang/Object;JLjava/lang/Object;)V (greylist, reflection, allowed)
2025-09-20 16:53:42.963  1580-1580  nmarty.rovecas          com.ivanmarty.rovecast               W  ClassLoaderContext type mismatch. expected=PCL, found=DLC (PCL[] | DLC[];PCL[/data/app/com.ivanmarty.rovecast-RBexy-kc6Hm0OMD8gTrm_g==/base.apk*3005761464:/data/app/com.ivanmarty.rovecast-RBexy-kc6Hm0OMD8gTrm_g==/base.apk!classes2.dex*3838903545:/data/app/com.ivanmarty.rovecast-RBexy-kc6Hm0OMD8gTrm_g==/base.apk!classes3.dex*4049262258:/data/app/com.ivanmarty.rovecast-RBexy-kc6Hm0OMD8gTrm_g==/base.apk!classes4.dex*703073500:/data/app/com.ivanmarty.rovecast-RBexy-kc6Hm0OMD8gTrm_g==/base.apk!classes5.dex*176331362:/data/app/com.ivanmarty.rovecast-RBexy-kc6Hm0OMD8gTrm_g==/base.apk!classes6.dex*2091565728:/data/app/com.ivanmarty.rovecast-RBexy-kc6Hm0OMD8gTrm_g==/base.apk!classes7.dex*398708974:/data/app/com.ivanmarty.rovecast-RBexy-kc6Hm0OMD8gTrm_g==/base.apk!classes8.dex*734504789:/data/app/com.ivanmarty.rovecast-RBexy-kc6Hm0OMD8gTrm_g==/base.apk!classes9.dex*2888158322:/data/app/com.ivanmarty.rovecast-RBexy-kc6Hm0OMD8gTrm_g==/base.apk!classes10.dex*3232595436:/data/app/com.ivanmarty.rovecast-RBexy-kc6Hm0OMD8gTr
2025-09-20 16:53:42.976  1580-1580  nmarty.rovecas          com.ivanmarty.rovecast               W  Found duplicate classes, falling back to extracting from APK : /data/user_de/0/com.google.android.gms/app_chimera/m/000001e3/DynamiteModulesC.uncompressed.apk
2025-09-20 16:53:42.976  1580-1580  nmarty.rovecas          com.ivanmarty.rovecast               W  NOTE: This wastes RAM and hurts startup performance.
2025-09-20 16:53:42.976  1580-1580  nmarty.rovecas          com.ivanmarty.rovecast               W  Found duplicated class when checking oat files: 'Landroid/support/v4/graphics/drawable/IconCompatParcelizer;' in /data/app/com.ivanmarty.rovecast-RBexy-kc6Hm0OMD8gTrm_g==/base.apk and /data/user_de/0/com.google.android.gms/app_chimera/m/000001e3/DynamiteModulesC.uncompressed.apk
2025-09-20 16:53:42.976  1580-1580  nmarty.rovecas          com.ivanmarty.rovecast               W  
2025-09-20 16:53:43.051  1580-1580  CastDynamiteModuleImpl  com.ivanmarty.rovecast               I  ui created by ClassLoader dalvik.system.DelegateLastClassLoader[DexPathList[[zip file "/data/user_de/0/com.google.android.gms/app_chimera/m/000001e3/DynamiteModulesC.uncompressed.apk"],nativeLibraryDirectories=[/data/user_de/0/com.google.android.gms/app_chimera/m/000001e3/DynamiteModulesC.uncompressed.apk!/lib/arm64-v8a, /system/lib64, /hw_product/lib64, /system/product/lib64]]].
2025-09-20 16:53:43.077  1580-1580  nmarty.rovecas          com.ivanmarty.rovecast               W  Accessing hidden method Lsun/misc/Unsafe;->compareAndSwapInt(Ljava/lang/Object;JII)Z (greylist, linking, allowed)
2025-09-20 16:53:43.077  1580-1580  nmarty.rovecas          com.ivanmarty.rovecast               W  Accessing hidden method Lsun/misc/Unsafe;->compareAndSwapLong(Ljava/lang/Object;JJJ)Z (greylist, linking, allowed)
2025-09-20 16:53:43.077  1580-1580  nmarty.rovecas          com.ivanmarty.rovecast               W  Accessing hidden method Lsun/misc/Unsafe;->getIntVolatile(Ljava/lang/Object;J)I (greylist, linking, allowed)
2025-09-20 16:53:43.077  1580-1580  nmarty.rovecas          com.ivanmarty.rovecast               W  Accessing hidden method Lsun/misc/Unsafe;->getObjectVolatile(Ljava/lang/Object;J)Ljava/lang/Object; (greylist, linking, allowed)
2025-09-20 16:53:43.077  1580-1580  nmarty.rovecas          com.ivanmarty.rovecast               W  Accessing hidden method Lsun/misc/Unsafe;->putObjectVolatile(Ljava/lang/Object;JLjava/lang/Object;)V (greylist, linking, allowed)
2025-09-20 16:53:43.089  1580-1580  nmarty.rovecas          com.ivanmarty.rovecast               W  Accessing hidden method Lsun/misc/Unsafe;->compareAndSwapObject(Ljava/lang/Object;JLjava/lang/Object;Ljava/lang/Object;)Z (greylist, linking, allowed)
2025-09-20 16:53:43.089  1580-1580  nmarty.rovecas          com.ivanmarty.rovecast               W  Accessing hidden method Lsun/misc/Unsafe;->getObject(Ljava/lang/Object;J)Ljava/lang/Object; (greylist, linking, allowed)
2025-09-20 16:53:43.102  1580-1580  HwCustConn...anagerImpl com.ivanmarty.rovecast               D  isBlockNetworkRequestByNonAis, INVALID_SUBSCRIPTION_ID
2025-09-20 16:53:43.114  1580-1580  HwTypeface              com.ivanmarty.rovecast               I  updateFont: scale=1.04
2025-09-20 16:53:43.115  1580-1580  SystemFonts             com.ivanmarty.rovecast               D  areFontsVariable: script=Latn
2025-09-20 16:53:43.117  1580-1580  ActivityThread          com.ivanmarty.rovecast               I  finishPreloaded preloadStatus 0
2025-09-20 16:53:43.118  1580-2515  WebViewFactory          com.ivanmarty.rovecast               I  Loading com.google.android.webview version 140.0.7339.51 (code 733905133)
2025-09-20 16:53:43.120  1580-1580  RmeSchedManager         com.ivanmarty.rovecast               I  init Rme, version is: v1.0
2025-09-20 16:53:43.121  1580-1580  RtgSchedEvent           com.ivanmarty.rovecast               I  current pid:1580 AppType:-1
2025-09-20 16:53:43.120  1580-1580  RmeSchedManager         com.ivanmarty.rovecast               I  init Rme, version is: v1.0
2025-09-20 16:53:43.126  1580-2515  ApplicationLoaders      com.ivanmarty.rovecast               D  createClassLoader zip: /data/app/com.google.android.trichromelibrary_733905133-g9ZdU2hML5mNOGTbzt3g8Q==/base.apk librarySearchPath: /data/app/com.google.android.webview-Zwh7fKdd9-q397BEZib8pw==/lib/arm64:/data/app/com.google.android.webview-Zwh7fKdd9-q397BEZib8pw==/base.apk!/lib/arm64-v8a:/data/app/com.google.android.trichromelibrary_733905133-g9ZdU2hML5mNOGTbzt3g8Q==/base.apk!/lib/arm64-v8a libraryPermittedPath:  parent: java.lang.BootClassLoader@c069c4e targetSdkVersion: 36 isBundled: false classLoaderName: null sharedLibraries: null
2025-09-20 16:53:43.132  1580-2515  ApplicationLoaders      com.ivanmarty.rovecast               D  createClassLoader zip: /data/app/com.google.android.webview-Zwh7fKdd9-q397BEZib8pw==/base.apk librarySearchPath: /data/app/com.google.android.webview-Zwh7fKdd9-q397BEZib8pw==/lib/arm64:/data/app/com.google.android.webview-Zwh7fKdd9-q397BEZib8pw==/base.apk!/lib/arm64-v8a:/data/app/com.google.android.trichromelibrary_733905133-g9ZdU2hML5mNOGTbzt3g8Q==/base.apk!/lib/arm64-v8a libraryPermittedPath:  parent: java.lang.BootClassLoader@c069c4e targetSdkVersion: 36 isBundled: false classLoaderName: null sharedLibraries: [dalvik.system.PathClassLoader[DexPathList[[zip file "/data/app/com.google.android.trichromelibrary_733905133-g9ZdU2hML5mNOGTbzt3g8Q==/base.apk"],nativeLibraryDirectories=[/data/app/com.google.android.webview-Zwh7fKdd9-q397BEZib8pw==/lib/arm64, /data/app/com.google.android.webview-Zwh7fKdd9-q397BEZib8pw==/base.apk!/lib/arm64-v8a, /data/app/com.google.android.trichromelibrary_733905133-g9ZdU2hML5mNOGTbzt3g8Q==/base.apk!/lib/arm64-v8a, /system/lib64, /hw_product/lib64, /system/product/lib64]]]]
2025-09-20 16:53:43.141  1580-2551  OpenGLRenderer          com.ivanmarty.rovecast               I  RenderThread: progress name = [com.ivanmarty.rovecast], viewCornerType = 0
2025-09-20 16:53:43.146  1580-2515  linker                  com.ivanmarty.rovecast               W  Warning: "/data/app/com.google.android.trichromelibrary_733905133-g9ZdU2hML5mNOGTbzt3g8Q==/base.apk!/lib/arm64-v8a/libmonochrome_64.so" unused DT entry: unknown processor-specific (type 0x70000001 arg 0x0) (ignoring)
2025-09-20 16:53:43.151  1580-2553  iGraphics               com.ivanmarty.rovecast               I  [0020080c] pn: com.ivanmarty.rovecast, p: 1580
2025-09-20 16:53:43.151  1580-2553  iGraphics               com.ivanmarty.rovecast               I  [0030080c] no spt app: com.ivanmarty.rovecast
2025-09-20 16:53:43.167  1580-1580  nmarty.rovecas          com.ivanmarty.rovecast               I  Waiting for a blocking GC ClassLinker
2025-09-20 16:53:43.191  1580-1580  nmarty.rovecas          com.ivanmarty.rovecast               I  WaitForGcToComplete blocked ClassLinker on ClassLinker for 24.433ms
2025-09-20 16:53:43.208  1580-2515  cr_WVCFactoryProvider   com.ivanmarty.rovecast               I  version=140.0.7339.51 (733905133) minSdkVersion=29 multiprocess=true packageId=3 splits=<none>
2025-09-20 16:53:43.223  1580-2561  chromium                com.ivanmarty.rovecast               I  [0920/165343.221638:INFO:android_webview/browser/variations/variations_seed_loader.cc:67] Failed to open file for reading.: No such file or directory (2)
2025-09-20 16:53:43.223  1580-2561  chromium                com.ivanmarty.rovecast               I  [0920/165343.223699:INFO:android_webview/browser/variations/variations_seed_loader.cc:67] Failed to open file for reading.: No such file or directory (2)
2025-09-20 16:53:43.236  1580-2515  cr_LibraryLoader        com.ivanmarty.rovecast               I  Successfully loaded native library
2025-09-20 16:53:43.238  1580-2515  cr_CachingUmaRecorder   com.ivanmarty.rovecast               I  Flushed 7 samples from 7 histograms, 0 samples were dropped.
2025-09-20 16:53:43.263  1580-1580  AppCompatDelegate       com.ivanmarty.rovecast               D  Checking for metadata for AppLocalesMetadataHolderService : Service not found
2025-09-20 16:53:43.263  1580-2565  nmarty.rovecas          com.ivanmarty.rovecast               W  Accessing hidden method Lsun/misc/Unsafe;->putObject(Ljava/lang/Object;JLjava/lang/Object;)V (greylist, linking, allowed)
2025-09-20 16:53:43.263  1580-2565  nmarty.rovecas          com.ivanmarty.rovecast               W  Accessing hidden method Lsun/misc/Unsafe;->compareAndSwapObject(Ljava/lang/Object;JLjava/lang/Object;Ljava/lang/Object;)Z (greylist, linking, allowed)
2025-09-20 16:53:43.280  1580-1580  ActivityThread          com.ivanmarty.rovecast               V  callActivityOnCreate
2025-09-20 16:53:43.300  1580-2515  nmarty.rovecas          com.ivanmarty.rovecast               W  Accessing hidden method Lsun/misc/Unsafe;->compareAndSwapObject(Ljava/lang/Object;JLjava/lang/Object;Ljava/lang/Object;)Z (greylist, linking, allowed)
2025-09-20 16:53:43.307  1580-2589  nmarty.rovecas          com.ivanmarty.rovecast               W  Accessing hidden method Lsun/misc/Unsafe;->compareAndSwapObject(Ljava/lang/Object;JLjava/lang/Object;Ljava/lang/Object;)Z (greylist, linking, allowed)
2025-09-20 16:53:43.338  1580-2489  AudioManager            com.ivanmarty.rovecast               V  getMode...
2025-09-20 16:53:43.350  1580-2514  Ads                     com.ivanmarty.rovecast               W  Invoke Firebase method getInstance error.
2025-09-20 16:53:43.353  1580-2514  Ads                     com.ivanmarty.rovecast               W  The Google Mobile Ads SDK will not integrate with Firebase. Admob/Firebase integration requires the latest Firebase SDK jar, but Firebase SDK is either missing or out of date
2025-09-20 16:53:43.353  1580-2489  AudioManager            com.ivanmarty.rovecast               V  isMusicActive...
2025-09-20 16:53:43.365  1580-2489  AudioManager            com.ivanmarty.rovecast               V  isSpeakerphoneOn: false
2025-09-20 16:53:43.365  1580-1580  DecorView[]             com.ivanmarty.rovecast               I  pkgName:com.ivanmarty.rovecast old windowMode:0 new windoMode:1, isFixedSize:false
2025-09-20 16:53:43.367  1580-2515  ServiceBindIntentUtils  com.ivanmarty.rovecast               W  Dynamic lookup for intent failed for action: com.google.android.gms.ads.service.CACHE
2025-09-20 16:53:43.367  1580-2489  AudioManager            com.ivanmarty.rovecast               V  getStreamVolume streamType: 3 volume: 12
2025-09-20 16:53:43.369  1580-2489  AudioManager            com.ivanmarty.rovecast               V  getStreamVolume streamType: 2 volume: 0
2025-09-20 16:53:43.370  1580-2565  nmarty.rovecas          com.ivanmarty.rovecast               W  Accessing hidden method Lsun/misc/Unsafe;->getInt(Ljava/lang/Object;J)I (greylist, linking, allowed)
2025-09-20 16:53:43.376  1580-2565  nmarty.rovecas          com.ivanmarty.rovecast               W  Accessing hidden method Lsun/misc/Unsafe;->getObject(Ljava/lang/Object;J)Ljava/lang/Object; (greylist, linking, allowed)
2025-09-20 16:53:43.378  1580-2565  nmarty.rovecas          com.ivanmarty.rovecast               W  Accessing hidden method Lsun/misc/Unsafe;->getLong(Ljava/lang/Object;J)J (greylist,core-platform-api, linking, allowed)
2025-09-20 16:53:43.379  1580-2565  nmarty.rovecas          com.ivanmarty.rovecast               W  Accessing hidden method Lsun/misc/Unsafe;->putInt(Ljava/lang/Object;JI)V (greylist, linking, allowed)
2025-09-20 16:53:43.403  1580-2565  nmarty.rovecas          com.ivanmarty.rovecast               W  Accessing hidden method Lsun/misc/Unsafe;->getInt(Ljava/lang/Object;J)I (greylist, linking, allowed)
2025-09-20 16:53:43.422  1580-1580  nmarty.rovecas          com.ivanmarty.rovecast               W  Accessing hidden method Landroid/view/ViewGroup;->makeOptionalFitsSystemWindows()V (greylist, reflection, allowed)
2025-09-20 16:53:43.773  1580-2600  UserMessagingPlatform   com.ivanmarty.rovecast               I  Use new ConsentDebugSettings.Builder().addTestDeviceHashedId("AFC033BBEAF477A33219CE7057D05B14") to set this as a debug device.
2025-09-20 16:53:43.777  1580-2600  UserMessagingPlatform   com.ivanmarty.rovecast               D  Stored info not exists: IABTCF_TCString
2025-09-20 16:53:43.778  1580-2600  UserMessagingPlatform   com.ivanmarty.rovecast               D  Stored info not exists: IABGPP_HDR_GppString
2025-09-20 16:53:43.778  1580-2600  UserMessagingPlatform   com.ivanmarty.rovecast               D  Stored info not exists: IABGPP_GppSID
2025-09-20 16:53:43.778  1580-2600  UserMessagingPlatform   com.ivanmarty.rovecast               D  Stored info not exists: IABUSPrivacy_String
2025-09-20 16:53:43.802  1580-1580  AwareAppScheduleManager com.ivanmarty.rovecast               I  post cache drawable res id to aware, resId = 2131231242, packagename = com.ivanmarty.rovecast, cost time = 6699479
2025-09-20 16:53:43.819  1580-1580  MainActivity            com.ivanmarty.rovecast               E  miniPlayerContainer not found or wrong type
2025-09-20 16:53:43.824  1580-1580  ActivityThread          com.ivanmarty.rovecast               D  add activity client record, r= ActivityRecord{899e989 token=android.os.BinderProxy@ba1dba2 {com.ivanmarty.rovecast/com.ivanmarty.rovecast.ui.MainActivity}} token= android.os.BinderProxy@ba1dba2
2025-09-20 16:53:43.830  1580-1580  AppVisibilityProxy      com.ivanmarty.rovecast               I  onAppEnteredForeground
2025-09-20 16:53:43.882  1580-1580  OverScroll...timization com.ivanmarty.rovecast               I  start init SmartSlideOverScroller and get the overscroller config
2025-09-20 16:53:43.883  1580-1580  OverScroll...timization com.ivanmarty.rovecast               I  get the overscroller config
2025-09-20 16:53:43.981  1580-2515  DynamitePackage         com.ivanmarty.rovecast               D  Instantiating com.google.android.gms.ads.ChimeraAdManagerCreatorImpl
2025-09-20 16:53:43.991  1580-2515  Ads                     com.ivanmarty.rovecast               I  Use RequestConfiguration.Builder().setTestDeviceIds(Arrays.asList("AFC033BBEAF477A33219CE7057D05B14")) to get test ads on this device.
2025-09-20 16:53:44.005  1580-2586  nmarty.rovecas          com.ivanmarty.rovecast               W  Accessing hidden method Lsun/misc/Unsafe;->putObject(Ljava/lang/Object;JLjava/lang/Object;)V (greylist, linking, allowed)
2025-09-20 16:53:44.020  1580-2589  AudioManager            com.ivanmarty.rovecast               V  getMode...
2025-09-20 16:53:44.063  1580-2589  AudioManager            com.ivanmarty.rovecast               V  isMusicActive...
2025-09-20 16:53:44.087  1580-2589  AudioManager            com.ivanmarty.rovecast               V  isSpeakerphoneOn: false
2025-09-20 16:53:44.088  1580-2589  AudioManager            com.ivanmarty.rovecast               V  getStreamVolume streamType: 3 volume: 12
2025-09-20 16:53:44.088  1580-2589  AudioManager            com.ivanmarty.rovecast               V  getStreamVolume streamType: 2 volume: 0
2025-09-20 16:53:44.106  1580-2586  nmarty.rovecas          com.ivanmarty.rovecast               W  Accessing hidden method Lsun/misc/Unsafe;->getInt(Ljava/lang/Object;J)I (greylist, linking, allowed)
2025-09-20 16:53:44.107  1580-2586  nmarty.rovecas          com.ivanmarty.rovecast               W  Accessing hidden method Lsun/misc/Unsafe;->getLong(Ljava/lang/Object;J)J (greylist,core-platform-api, linking, allowed)
2025-09-20 16:53:44.107  1580-2586  nmarty.rovecas          com.ivanmarty.rovecast               W  Accessing hidden method Lsun/misc/Unsafe;->putInt(Ljava/lang/Object;JI)V (greylist, linking, allowed)
2025-09-20 16:53:44.167  1580-1580  nmarty.rovecas          com.ivanmarty.rovecast               W  Accessing hidden method Lsun/misc/Unsafe;->putObject(Ljava/lang/Object;JLjava/lang/Object;)V (greylist, linking, allowed)
2025-09-20 16:53:44.172  1580-1580  MediaController         com.ivanmarty.rovecast               I  Init 847c3a [AndroidXMedia3/1.8.0] [HWMAR, MAR-LX3A, HUAWEI, 29]
2025-09-20 16:53:44.240  1580-1580  nmarty.rovecas          com.ivanmarty.rovecast               W  Accessing hidden method Lsun/misc/Unsafe;->compareAndSwapObject(Ljava/lang/Object;JLjava/lang/Object;Ljava/lang/Object;)Z (greylist, linking, allowed)
2025-09-20 16:53:44.241  1580-1580  nmarty.rovecas          com.ivanmarty.rovecast               W  Accessing hidden method Lsun/misc/Unsafe;->getObject(Ljava/lang/Object;J)Ljava/lang/Object; (greylist, linking, allowed)
2025-09-20 16:53:44.263  1580-2515  DynamitePackage         com.ivanmarty.rovecast               D  Instantiating com.google.android.gms.ads.ChimeraAdManagerCreatorImpl
2025-09-20 16:53:44.267  1580-2515  Ads                     com.ivanmarty.rovecast               I  Use RequestConfiguration.Builder().setTestDeviceIds(Arrays.asList("AFC033BBEAF477A33219CE7057D05B14")) to get test ads on this device.
2025-09-20 16:53:44.273  1580-2524  nmarty.rovecas          com.ivanmarty.rovecast               W  Accessing hidden method Lsun/misc/Unsafe;->putObject(Ljava/lang/Object;JLjava/lang/Object;)V (greylist, linking, allowed)
2025-09-20 16:53:44.275  1580-1580  MouseWheelSynthesizer   com.ivanmarty.rovecast               D  mMoveStepInDp: 64, mMoveStepInPixel: 192, mUpTimeDelayed: 100
2025-09-20 16:53:44.276  1580-2491  AudioManager            com.ivanmarty.rovecast               V  getMode...
2025-09-20 16:53:44.277  1580-2491  AudioManager            com.ivanmarty.rovecast               V  isMusicActive...
2025-09-20 16:53:44.277  1580-2491  AudioManager            com.ivanmarty.rovecast               V  isSpeakerphoneOn: false
2025-09-20 16:53:44.278  1580-2491  AudioManager            com.ivanmarty.rovecast               V  getStreamVolume streamType: 3 volume: 12
2025-09-20 16:53:44.281  1580-1580  ViewRootImpl            com.ivanmarty.rovecast               D  ViewRootImpl mIsInProductivePCDisplay: false
2025-09-20 16:53:44.283  1580-1580  HwPartPowe...iceFactory com.ivanmarty.rovecast               I  add HwPartPowerOfficeFactoryImpl to memory.
2025-09-20 16:53:44.283  1580-2491  AudioManager            com.ivanmarty.rovecast               V  getStreamVolume streamType: 2 volume: 0
2025-09-20 16:53:44.289  1580-1580  DecorView[]             com.ivanmarty.rovecast               I  pkgName:com.ivanmarty.rovecast old windowMode:1 new windoMode:1, isFixedSize:false
2025-09-20 16:53:44.296  1580-1580  InputEventReceiver      com.ivanmarty.rovecast               D  dispatchInputInterval 1000000
2025-09-20 16:53:44.301  1580-1580  RmeSchedManager         com.ivanmarty.rovecast               I  init Rme, version is: v1.0
2025-09-20 16:53:44.302  1580-1580  RtgSchedEvent           com.ivanmarty.rovecast               I  current pid:1580 AppType:-1
2025-09-20 16:53:44.311  2233-2556  DollieAdapterService    com.huawei.systemserver              E  notifyActivityState pkg:com.ivanmarty.rovecast/com.ivanmarty.rovecast.ui.MainActivity state:2 fg:true mUid:10626
2025-09-20 16:53:44.316  1580-1580  nmarty.rovecas          com.ivanmarty.rovecast               W  Accessing hidden method Lsun/misc/Unsafe;->putObject(Ljava/lang/Object;JLjava/lang/Object;)V (greylist, linking, allowed)
2025-09-20 16:53:44.316  1580-1580  nmarty.rovecas          com.ivanmarty.rovecast               W  Accessing hidden method Lsun/misc/Unsafe;->compareAndSwapObject(Ljava/lang/Object;JLjava/lang/Object;Ljava/lang/Object;)Z (greylist, linking, allowed)
2025-09-20 16:53:44.374  1580-2524  nmarty.rovecas          com.ivanmarty.rovecast               W  Accessing hidden method Lsun/misc/Unsafe;->getInt(Ljava/lang/Object;J)I (greylist, linking, allowed)
2025-09-20 16:53:44.374  1580-2524  nmarty.rovecas          com.ivanmarty.rovecast               W  Accessing hidden method Lsun/misc/Unsafe;->getLong(Ljava/lang/Object;J)J (greylist,core-platform-api, linking, allowed)
2025-09-20 16:53:44.374  1580-2524  nmarty.rovecas          com.ivanmarty.rovecast               W  Accessing hidden method Lsun/misc/Unsafe;->putInt(Ljava/lang/Object;JI)V (greylist, linking, allowed)
2025-09-20 16:53:44.572  1580-1799  ZrHung.AppEyeUiProbe    com.ivanmarty.rovecast               D  not watching, wait.
2025-09-20 16:53:44.831  1580-2538  nmarty.rovecas          com.ivanmarty.rovecast               W  Failed execv(/system/bin/dex2oat --debuggable --instruction-set=arm64 --instruction-set-features=runtime --runtime-arg -Xhidden-api-policy:enabled --runtime-arg -Xrelocate --boot-image=/system/framework/boot.art --runtime-arg -Xms64m --runtime-arg -Xmx512m -j4 --instruction-set-variant=generic --instruction-set-features=default --generate-mini-debug-info --debuggable --generate-mini-debug-info --dex-file=/data/user/0/com.ivanmarty.rovecast/cache/1754603592408.jar --output-vdex-fd=110 --oat-fd=111 --oat-location=/data/user/0/com.ivanmarty.rovecast/cache/oat/arm64/1754603592408.odex --compiler-filter=verify --class-loader-context=& --compilation-reason=dynamic-load) because non-0 exit status
2025-09-20 16:53:44.844  1580-2544  nmarty.rovecas          com.ivanmarty.rovecast               I  Waiting for a blocking GC ClassLinker
2025-09-20 16:53:44.844  1580-2633  nmarty.rovecas          com.ivanmarty.rovecast               I  Waiting for a blocking GC ClassLinker
2025-09-20 16:53:44.844  1580-2629  nmarty.rovecas          com.ivanmarty.rovecast               I  Waiting for a blocking GC ClassLinker
2025-09-20 16:53:44.844  1580-2637  nmarty.rovecas          com.ivanmarty.rovecast               I  Waiting for a blocking GC ClassLinker
2025-09-20 16:53:44.844  1580-2634  nmarty.rovecas          com.ivanmarty.rovecast               I  Waiting for a blocking GC ClassLinker
2025-09-20 16:53:44.845  1580-2646  nmarty.rovecas          com.ivanmarty.rovecast               I  Waiting for a blocking GC ClassLinker
2025-09-20 16:53:44.846  1580-2647  nmarty.rovecas          com.ivanmarty.rovecast               I  Waiting for a blocking GC ClassLinker
2025-09-20 16:53:44.847  1580-2648  nmarty.rovecas          com.ivanmarty.rovecast               I  Waiting for a blocking GC ClassLinker
2025-09-20 16:53:44.847  1580-2649  nmarty.rovecas          com.ivanmarty.rovecast               I  Waiting for a blocking GC ClassLinker
2025-09-20 16:53:44.848  1580-2651  nmarty.rovecas          com.ivanmarty.rovecast               I  Waiting for a blocking GC ClassLinker
2025-09-20 16:53:44.849  1580-2650  nmarty.rovecas          com.ivanmarty.rovecast               I  Waiting for a blocking GC ClassLinker
2025-09-20 16:53:44.849  1580-2655  nmarty.rovecas          com.ivanmarty.rovecast               I  Waiting for a blocking GC ClassLinker
2025-09-20 16:53:44.850  1580-2656  nmarty.rovecas          com.ivanmarty.rovecast               I  Waiting for a blocking GC ClassLinker
2025-09-20 16:53:44.851  1580-2657  nmarty.rovecas          com.ivanmarty.rovecast               I  Waiting for a blocking GC ClassLinker
2025-09-20 16:53:44.852  1580-2544  nmarty.rovecas          com.ivanmarty.rovecast               I  WaitForGcToComplete blocked ClassLinker on ClassLinker for 8.810ms
2025-09-20 16:53:44.853  1580-2633  nmarty.rovecas          com.ivanmarty.rovecast               I  Waiting for a blocking GC ClassLinker
2025-09-20 16:53:44.853  1580-2629  nmarty.rovecas          com.ivanmarty.rovecast               I  Waiting for a blocking GC ClassLinker
2025-09-20 16:53:44.853  1580-2634  nmarty.rovecas          com.ivanmarty.rovecast               I  Waiting for a blocking GC ClassLinker
2025-09-20 16:53:44.853  1580-2637  nmarty.rovecas          com.ivanmarty.rovecast               I  Waiting for a blocking GC ClassLinker
2025-09-20 16:53:44.853  1580-2649  nmarty.rovecas          com.ivanmarty.rovecast               I  Waiting for a blocking GC ClassLinker
2025-09-20 16:53:44.853  1580-2646  nmarty.rovecas          com.ivanmarty.rovecast               I  Waiting for a blocking GC ClassLinker
2025-09-20 16:53:44.853  1580-2651  nmarty.rovecas          com.ivanmarty.rovecast               I  Waiting for a blocking GC ClassLinker
2025-09-20 16:53:44.853  1580-2650  nmarty.rovecas          com.ivanmarty.rovecast               I  Waiting for a blocking GC ClassLinker
2025-09-20 16:53:44.853  1580-2655  nmarty.rovecas          com.ivanmarty.rovecast               I  Waiting for a blocking GC ClassLinker
2025-09-20 16:53:44.853  1580-2647  nmarty.rovecas          com.ivanmarty.rovecast               I  Waiting for a blocking GC ClassLinker
2025-09-20 16:53:44.853  1580-2656  nmarty.rovecas          com.ivanmarty.rovecast               I  Waiting for a blocking GC ClassLinker
2025-09-20 16:53:44.853  1580-2657  nmarty.rovecas          com.ivanmarty.rovecast               I  Waiting for a blocking GC ClassLinker
2025-09-20 16:53:44.853  1580-2648  nmarty.rovecas          com.ivanmarty.rovecast               I  Waiting for a blocking GC ClassLinker
2025-09-20 16:53:44.854  1580-2649  nmarty.rovecas          com.ivanmarty.rovecast               I  WaitForGcToComplete blocked ClassLinker on ClassLinker for 6.442ms
2025-09-20 16:53:44.854  1580-2629  nmarty.rovecas          com.ivanmarty.rovecast               I  Waiting for a blocking GC ClassLinker
2025-09-20 16:53:44.854  1580-2634  nmarty.rovecas          com.ivanmarty.rovecast               I  Waiting for a blocking GC ClassLinker
2025-09-20 16:53:44.854  1580-2637  nmarty.rovecas          com.ivanmarty.rovecast               I  Waiting for a blocking GC ClassLinker
2025-09-20 16:53:44.854  1580-2646  nmarty.rovecas          com.ivanmarty.rovecast               I  Waiting for a blocking GC ClassLinker
2025-09-20 16:53:44.854  1580-2651  nmarty.rovecas          com.ivanmarty.rovecast               I  Waiting for a blocking GC ClassLinker
2025-09-20 16:53:44.854  1580-2650  nmarty.rovecas          com.ivanmarty.rovecast               I  Waiting for a blocking GC ClassLinker
2025-09-20 16:53:44.854  1580-2655  nmarty.rovecas          com.ivanmarty.rovecast               I  Waiting for a blocking GC ClassLinker
2025-09-20 16:53:44.854  1580-2647  nmarty.rovecas          com.ivanmarty.rovecast               I  Waiting for a blocking GC ClassLinker
2025-09-20 16:53:44.854  1580-2656  nmarty.rovecas          com.ivanmarty.rovecast               I  Waiting for a blocking GC ClassLinker
2025-09-20 16:53:44.854  1580-2648  nmarty.rovecas          com.ivanmarty.rovecast               I  Waiting for a blocking GC ClassLinker
2025-09-20 16:53:44.855  1580-2657  nmarty.rovecas          com.ivanmarty.rovecast               I  Waiting for a blocking GC ClassLinker
2025-09-20 16:53:44.855  1580-2633  nmarty.rovecas          com.ivanmarty.rovecast               I  WaitForGcToComplete blocked ClassLinker on ClassLinker for 11.005ms
2025-09-20 16:53:44.855  1580-2629  nmarty.rovecas          com.ivanmarty.rovecast               I  Waiting for a blocking GC ClassLinker
2025-09-20 16:53:44.855  1580-2634  nmarty.rovecas          com.ivanmarty.rovecast               I  Waiting for a blocking GC ClassLinker
2025-09-20 16:53:44.855  1580-2637  nmarty.rovecas          com.ivanmarty.rovecast               I  WaitForGcToComplete blocked ClassLinker on ClassLinker for 10.916ms
2025-09-20 16:53:44.855  1580-2650  nmarty.rovecas          com.ivanmarty.rovecast               I  Waiting for a blocking GC ClassLinker
2025-09-20 16:53:44.855  1580-2646  nmarty.rovecas          com.ivanmarty.rovecast               I  Waiting for a blocking GC ClassLinker
