2025-09-20 18:08:53.004 19511-19511 DecorView[]             com.ivanmarty.rovecast               I  pkgName:com.ivanmarty.rovecast old windowMode:0 new windoMode:1, isFixedSize:false
2025-09-20 18:08:53.236 19511-19511 BlockMonitor            com.ivanmarty.rovecast               I  dispatchingThrewException In MainThread
2025-09-20 18:08:53.236 19511-19511 AndroidRuntime          com.ivanmarty.rovecast               D  Shutting down VM
2025-09-20 18:08:53.237 19511-19511 QarthLog                com.ivanmarty.rovecast               I  [PatchStore] createDisableExceptionQarthFile
2025-09-20 18:08:53.237 19511-19511 QarthLog                com.ivanmarty.rovecast               I  [PatchStore] create disable file for com.ivanmarty.rovecast uid is 10627
2025-09-20 18:08:53.242 19511-19511 AndroidRuntime          com.ivanmarty.rovecast               E  FATAL EXCEPTION: main (Ask Gemini)
                                                                                                    Process: com.ivanmarty.rovecast, PID: 19511
                                                                                                    java.lang.RuntimeException: Unable to start activity ComponentInfo{com.ivanmarty.rovecast/com.ivanmarty.rovecast.ui.PlayerActivity}: java.lang.ClassCastException: androidx.constraintlayout.widget.ConstraintLayout cannot be cast to com.google.android.material.appbar.MaterialToolbar
                                                                                                    	at android.app.ActivityThread.performLaunchActivity(ActivityThread.java:4060)
                                                                                                    	at android.app.ActivityThread.handleLaunchActivity(ActivityThread.java:4247)
                                                                                                    	at android.app.servertransaction.LaunchActivityItem.execute(LaunchActivityItem.java:91)
                                                                                                    	at android.app.servertransaction.TransactionExecutor.executeCallbacks(TransactionExecutor.java:149)
                                                                                                    	at android.app.servertransaction.TransactionExecutor.execute(TransactionExecutor.java:103)
                                                                                                    	at android.app.ActivityThread$H.handleMessage(ActivityThread.java:2613)
                                                                                                    	at android.os.Handler.dispatchMessage(Handler.java:110)
                                                                                                    	at android.os.Looper.loop(Looper.java:219)
                                                                                                    	at android.app.ActivityThread.main(ActivityThread.java:8668)
                                                                                                    	at java.lang.reflect.Method.invoke(Native Method)
                                                                                                    	at com.android.internal.os.RuntimeInit$MethodAndArgsCaller.run(RuntimeInit.java:513)
                                                                                                    	at com.android.internal.os.ZygoteInit.main(ZygoteInit.java:1109)
                                                                                                    Caused by: java.lang.ClassCastException: androidx.constraintlayout.widget.ConstraintLayout cannot be cast to com.google.android.material.appbar.MaterialToolbar
                                                                                                    	at com.ivanmarty.rovecast.ui.PlayerActivity.onCreate(PlayerActivity.java:70)
                                                                                                    	at android.app.Activity.performCreate(Activity.java:8214)
                                                                                                    	at android.app.Activity.performCreate(Activity.java:8202)
                                                                                                    	at android.app.Instrumentation.callActivityOnCreate(Instrumentation.java:1320)
                                                                                                    	at android.app.ActivityThread.performLaunchActivity(ActivityThread.java:4033)
                                                                                                    	at android.app.ActivityThread.handleLaunchActivity(ActivityThread.java:4247) 
                                                                                                    	at android.app.servertransaction.LaunchActivityItem.execute(LaunchActivityItem.java:91) 
                                                                                                    	at android.app.servertransaction.TransactionExecutor.executeCallbacks(TransactionExecutor.java:149) 
                                                                                                    	at android.app.servertransaction.TransactionExecutor.execute(TransactionExecutor.java:103) 
                                                                                                    	at android.app.ActivityThread$H.handleMessage(ActivityThread.java:2613) 
                                                                                                    	at android.os.Handler.dispatchMessage(Handler.java:110) 
                                                                                                    	at android.os.Looper.loop(Looper.java:219) 
                                                                                                    	at android.app.ActivityThread.main(ActivityThread.java:8668) 
                                                                                                    	at java.lang.reflect.Method.invoke(Native Method) 
                                                                                                    	at com.android.internal.os.RuntimeInit$MethodAndArgsCaller.run(RuntimeInit.java:513) 
                                                                                                    	at com.android.internal.os.ZygoteInit.main(ZygoteInit.java:1109) 
2025-09-20 18:08:53.264 19511-19511 Process                 com.ivanmarty.rovecast               I  Sending signal. PID: 19511 SIG: 9
2025-09-20 18:08:53.424  1681-2212  WindowManager           system_server                        E  win=Window{8d7fe51 u0 com.ivanmarty.rovecast/com.ivanmarty.rovecast.ui.MainActivity EXITING} destroySurfaces: appStopped=false win.mWindowRemovalAllowed=true win.mRemoveOnExit=true
2025-09-20 18:08:53.530  2233-2556  DollieAdapterService    com.huawei.systemserver              E  notifyActivityState pkg:com.ivanmarty.rovecast/com.ivanmarty.rovecast.ui.MainActivity state:20 fg:false mUid:10627
2025-09-20 18:08:54.461 19918-19918 nmarty.rovecas          com.ivanmarty.rovecast               I  Late-enabling -Xcheck:jni
2025-09-20 18:08:54.518 19918-19918 nmarty.rovecas          com.ivanmarty.rovecast               E  LoadAppImageStartupCache enabled : 1
2025-09-20 18:08:54.518 19918-19918 nmarty.rovecas          com.ivanmarty.rovecast               E  Unknown bits set in runtime_flags: 0x8000
2025-09-20 18:08:54.520 19918-19918 nmarty.rovecas          com.ivanmarty.rovecast               I  Reinit property: dalvik.vm.checkjni= false
2025-09-20 18:08:54.520 19918-19918 nmarty.rovecas          com.ivanmarty.rovecast               I  ReInitProperties: persist.vm.debug.dumpapi= false
2025-09-20 18:08:54.540 19918-19918 ActivityThread          com.ivanmarty.rovecast               D  Attach thread to application
2025-09-20 18:08:54.579 19918-19938 ActivityThread          com.ivanmarty.rovecast               I  Init compatible state: true
2025-09-20 18:08:54.582 19918-19938 HwFramewor...rtsFactory com.ivanmarty.rovecast               D  HwFrameworkSecurityPartsFactory in.
2025-09-20 18:08:54.582 19918-19938 HwFramewor...rtsFactory com.ivanmarty.rovecast               I  add HwFrameworkSecurityPartsFactory to memory.
2025-09-20 18:08:54.583 19918-19938 BehaviorCollectManager  com.ivanmarty.rovecast               E  Fail to acquire dataAnalyzerService...
2025-09-20 18:08:54.594 19918-19918 ApplicationLoaders      com.ivanmarty.rovecast               D  createClassLoader zip: /data/app/com.ivanmarty.rovecast-rCPlP9hlOJgBks-Mz31Gjg==/base.apk librarySearchPath: /data/app/com.ivanmarty.rovecast-rCPlP9hlOJgBks-Mz31Gjg==/lib/arm64 libraryPermittedPath: /data/user/0/com.ivanmarty.rovecast parent: java.lang.BootClassLoader@c069c4e targetSdkVersion: 35 isBundled: false classLoaderName: null sharedLibraries: null
2025-09-20 18:08:58.536 19918-19938 HwApiCacheMangerEx      com.ivanmarty.rovecast               I  apicache path=/storage/emulated/0 state=mounted key=com.ivanmarty.rovecast#10627#256
2025-09-20 18:08:58.536 19918-19938 HwApiCacheMangerEx      com.ivanmarty.rovecast               I  need clear apicache,because volumes changed,oldCnt=0 newCnt=1
2025-09-20 18:08:58.542 19918-19938 HwApiCacheMangerEx      com.ivanmarty.rovecast               I  apicache path=/storage/emulated/0 state=mounted key=com.ivanmarty.rovecast#10627#0
2025-09-20 18:08:58.542 19918-19938 HwApiCacheMangerEx      com.ivanmarty.rovecast               I  need clear apicache,because volumes changed,oldCnt=1 newCnt=1
2025-09-20 18:08:58.559 19918-19938 HwPartIawareFactory     com.ivanmarty.rovecast               I  add android.common.HwPartIawareFactoryImpl to memory.
2025-09-20 18:08:58.559 19918-19938 AwareBitmapCacher       com.ivanmarty.rovecast               I  init processName:com.ivanmarty.rovecast pid=19918 uid=10627
2025-09-20 18:08:58.673 19918-19918 WM-WrkMgrInitializer    com.ivanmarty.rovecast               D  Initializing WorkManager with default configuration.
2025-09-20 18:08:59.482 19918-19918 ApplicationLoaders      com.ivanmarty.rovecast               D  createClassLoader zip: /system/framework/org.apache.http.legacy.jar librarySearchPath: /data/app/com.google.android.gms-rRksavvBNXgRsDVlt2sxZQ==/lib/arm64:/data/app/com.google.android.gms-rRksavvBNXgRsDVlt2sxZQ==/base.apk!/lib/arm64-v8a:/data/app/com.google.android.gms-rRksavvBNXgRsDVlt2sxZQ==/split_config.es.apk!/lib/arm64-v8a:/data/app/com.google.android.gms-rRksavvBNXgRsDVlt2sxZQ==/split_config.xxhdpi.apk!/lib/arm64-v8a libraryPermittedPath: /data/user/0/com.google.android.gms parent: java.lang.BootClassLoader@c069c4e targetSdkVersion: 36 isBundled: false classLoaderName: null sharedLibraries: null
2025-09-20 18:08:59.486 19918-19918 nmarty.rovecas          com.ivanmarty.rovecast               I  The ClassLoaderContext is a special shared library.
2025-09-20 18:08:59.494 19918-19918 ApplicationLoaders      com.ivanmarty.rovecast               D  createClassLoader zip: /system/framework/com.android.media.remotedisplay.jar librarySearchPath: /data/app/com.google.android.gms-rRksavvBNXgRsDVlt2sxZQ==/lib/arm64:/data/app/com.google.android.gms-rRksavvBNXgRsDVlt2sxZQ==/base.apk!/lib/arm64-v8a:/data/app/com.google.android.gms-rRksavvBNXgRsDVlt2sxZQ==/split_config.es.apk!/lib/arm64-v8a:/data/app/com.google.android.gms-rRksavvBNXgRsDVlt2sxZQ==/split_config.xxhdpi.apk!/lib/arm64-v8a libraryPermittedPath: /data/user/0/com.google.android.gms parent: java.lang.BootClassLoader@c069c4e targetSdkVersion: 36 isBundled: false classLoaderName: null sharedLibraries: null
2025-09-20 18:08:59.498 19918-19918 nmarty.rovecas          com.ivanmarty.rovecast               I  The ClassLoaderContext is a special shared library.
2025-09-20 18:08:59.504 19918-19918 ApplicationLoaders      com.ivanmarty.rovecast               D  createClassLoader zip: /system/framework/com.android.location.provider.jar librarySearchPath: /data/app/com.google.android.gms-rRksavvBNXgRsDVlt2sxZQ==/lib/arm64:/data/app/com.google.android.gms-rRksavvBNXgRsDVlt2sxZQ==/base.apk!/lib/arm64-v8a:/data/app/com.google.android.gms-rRksavvBNXgRsDVlt2sxZQ==/split_config.es.apk!/lib/arm64-v8a:/data/app/com.google.android.gms-rRksavvBNXgRsDVlt2sxZQ==/split_config.xxhdpi.apk!/lib/arm64-v8a libraryPermittedPath: /data/user/0/com.google.android.gms parent: java.lang.BootClassLoader@c069c4e targetSdkVersion: 36 isBundled: false classLoaderName: null sharedLibraries: null
2025-09-20 18:08:59.510 19918-19918 nmarty.rovecas          com.ivanmarty.rovecast               I  The ClassLoaderContext is a special shared library.
2025-09-20 18:08:59.517 19918-19918 ApplicationLoaders      com.ivanmarty.rovecast               D  createClassLoader zip: /data/app/com.google.android.gms-rRksavvBNXgRsDVlt2sxZQ==/base.apk:/data/app/com.google.android.gms-rRksavvBNXgRsDVlt2sxZQ==/split_config.es.apk:/data/app/com.google.android.gms-rRksavvBNXgRsDVlt2sxZQ==/split_config.xxhdpi.apk librarySearchPath: /data/app/com.google.android.gms-rRksavvBNXgRsDVlt2sxZQ==/lib/arm64:/data/app/com.google.android.gms-rRksavvBNXgRsDVlt2sxZQ==/base.apk!/lib/arm64-v8a:/data/app/com.google.android.gms-rRksavvBNXgRsDVlt2sxZQ==/split_config.es.apk!/lib/arm64-v8a:/data/app/com.google.android.gms-rRksavvBNXgRsDVlt2sxZQ==/split_config.xxhdpi.apk!/lib/arm64-v8a libraryPermittedPath: /data/user/0/com.google.android.gms parent: java.lang.BootClassLoader@c069c4e targetSdkVersion: 36 isBundled: false classLoaderName: null sharedLibraries: [dalvik.system.PathClassLoader[DexPathList[[zip file "/system/framework/org.apache.http.legacy.jar"],nativeLibraryDirectories=[/data/app/com.google.android.gms-rRksavvBNXgRsDVlt2sxZQ==/lib/arm64, /data/app/com.google.android.gms-rRksavvBNXgRsDVlt2sxZQ==/base.apk!/lib/arm64-v8a, /data/app/com.google.android.gms-rRksavvBNXgRsDVlt2sxZQ==/split_config.es.apk!/lib/arm64-v8a, /data/app/com.google.android.gms-rRksavvBNXgRsDVlt2sxZQ==/split_config.xxhdpi.apk!/lib/arm64-v8a, /system/lib64, /hw_product/lib64, /system/product/lib64]]], dalvik.system.PathClassLoader[DexPathList[[zip file "/system/framework/com.android.media.remotedisplay.jar"],nativeLibraryDirectories=[/data/app/com.google.android.gms-rRksavvBNXgRsDVlt2sxZQ==/lib/arm64, /data/app/com.google.android.gms-rRksavvBNXgRsDVlt2sxZQ==/base.apk!/lib/arm64-v8a, /data/app/com.google.android.gms-rRksavvBNXgRsDVlt2sxZQ==/split_config.es.apk!/lib/arm64-v8a, /data/app/com.google.android.gms-rRksavvBNXgRsDVlt2sxZQ==/split_config.xxhdpi.apk!/lib/arm64-v8a, /system/lib64, /hw_product/lib64, /system/product/lib64]]], dalvik.system.PathClassLoader[DexPathList[[zip file "/system/framework/com.android.location.provider.jar"],nativeLibraryDirectories=[/data/app/com.google.android.gms-rRksavvBNXgRsDVlt2sxZQ==/lib/arm64, /data/app/com.google.android.gms-rRksavvBNXgRsDVlt2sxZQ==/base.apk!/lib/arm64-v8a, /data/app/com.google.android.gms-rRksavvBNXgRsDVlt2sxZQ==/split_config.es.apk!/lib/arm64-v8a, /data/app/com.google.android.gms-rRksavvBNXgRsDVlt2sxZQ==/split_config.xxhdpi.apk!/lib/arm64-v8a, /system/lib64, /hw_product/lib64, /system/product/lib64]]]]
2025-09-20 18:08:59.616 19918-19918 DynamiteModule          com.ivanmarty.rovecast               I  Considering local module com.google.android.gms.ads.dynamite:0 and remote module com.google.android.gms.ads.dynamite:253405700
2025-09-20 18:08:59.617 19918-19918 DynamiteModule          com.ivanmarty.rovecast               I  Selected remote version of com.google.android.gms.ads.dynamite, version >= 253405700
2025-09-20 18:08:59.976 19918-19918 DynamitePackage         com.ivanmarty.rovecast               D  Instantiated singleton DynamitePackage.
2025-09-20 18:08:59.976 19918-19918 DynamitePackage         com.ivanmarty.rovecast               D  Instantiating com.google.android.gms.ads.ChimeraMobileAdsSettingManagerCreatorImpl
2025-09-20 18:09:00.156 19918-19918 nmarty.rovecas          com.ivanmarty.rovecast               W  Accessing hidden method Lsun/misc/Unsafe;->arrayBaseOffset(Ljava/lang/Class;)I (greylist,core-platform-api, linking, allowed)
2025-09-20 18:09:00.156 19918-19918 nmarty.rovecas          com.ivanmarty.rovecast               W  Accessing hidden method Lsun/misc/Unsafe;->arrayIndexScale(Ljava/lang/Class;)I (greylist, linking, allowed)
2025-09-20 18:09:00.156 19918-19918 nmarty.rovecas          com.ivanmarty.rovecast               W  Accessing hidden method Lsun/misc/Unsafe;->compareAndSwapInt(Ljava/lang/Object;JII)Z (greylist, linking, allowed)
2025-09-20 18:09:00.157 19918-19918 nmarty.rovecas          com.ivanmarty.rovecast               W  Accessing hidden method Lsun/misc/Unsafe;->compareAndSwapLong(Ljava/lang/Object;JJJ)Z (greylist, linking, allowed)
2025-09-20 18:09:00.157 19918-19918 nmarty.rovecas          com.ivanmarty.rovecast               W  Accessing hidden method Lsun/misc/Unsafe;->getIntVolatile(Ljava/lang/Object;J)I (greylist, linking, allowed)
2025-09-20 18:09:00.157 19918-19918 nmarty.rovecas          com.ivanmarty.rovecast               W  Accessing hidden method Lsun/misc/Unsafe;->getObjectVolatile(Ljava/lang/Object;J)Ljava/lang/Object; (greylist, linking, allowed)
2025-09-20 18:09:00.157 19918-19918 nmarty.rovecas          com.ivanmarty.rovecast               W  Accessing hidden method Lsun/misc/Unsafe;->objectFieldOffset(Ljava/lang/reflect/Field;)J (greylist,core-platform-api, linking, allowed)
2025-09-20 18:09:00.157 19918-19918 nmarty.rovecas          com.ivanmarty.rovecast               W  Accessing hidden method Lsun/misc/Unsafe;->putObjectVolatile(Ljava/lang/Object;JLjava/lang/Object;)V (greylist, linking, allowed)
2025-09-20 18:09:00.157 19918-19918 nmarty.rovecas          com.ivanmarty.rovecast               W  Accessing hidden field Lsun/misc/Unsafe;->theUnsafe:Lsun/misc/Unsafe; (greylist, reflection, allowed)
2025-09-20 18:09:00.278 19918-19918 nmarty.rovecas          com.ivanmarty.rovecast               W  Accessing hidden method Lsun/misc/Unsafe;->getUnsafe()Lsun/misc/Unsafe; (greylist,core-platform-api, linking, allowed)
2025-09-20 18:09:00.279 19918-19918 nmarty.rovecas          com.ivanmarty.rovecast               W  Accessing hidden method Lsun/misc/Unsafe;->putObject(Ljava/lang/Object;JLjava/lang/Object;)V (greylist, linking, allowed)
2025-09-20 18:09:00.294 19918-19969 NetworkSecurityConfig   com.ivanmarty.rovecast               D  Using Network Security Config from resource network_security_config debugBuild: true
2025-09-20 18:09:00.298 19918-19918 HwCustConn...anagerImpl com.ivanmarty.rovecast               D  isBlockNetworkRequestByNonAis, INVALID_SUBSCRIPTION_ID
2025-09-20 18:09:00.299 19918-19918 ConnectivityManager     com.ivanmarty.rovecast               I  requestNetwork and the calling app is: com.ivanmarty.rovecast
2025-09-20 18:09:00.321 19918-19972 nmarty.rovecas          com.ivanmarty.rovecast               W  Accessing hidden method Lsun/misc/Unsafe;->compareAndSwapObject(Ljava/lang/Object;JLjava/lang/Object;Ljava/lang/Object;)Z (greylist, linking, allowed)
2025-09-20 18:09:00.321 19918-19972 nmarty.rovecas          com.ivanmarty.rovecast               W  Accessing hidden method Lsun/misc/Unsafe;->getObject(Ljava/lang/Object;J)Ljava/lang/Object; (greylist, linking, allowed)
2025-09-20 18:09:00.325 19918-19918 Ads                     com.ivanmarty.rovecast               I  Updating ad debug logging enablement.
2025-09-20 18:09:00.331 19918-19969 nmarty.rovecas          com.ivanmarty.rovecast               W  Accessing hidden method Lsun/misc/Unsafe;->compareAndSwapObject(Ljava/lang/Object;JLjava/lang/Object;Ljava/lang/Object;)Z (greylist, linking, allowed)
2025-09-20 18:09:00.344 19918-19973 nmarty.rovecas          com.ivanmarty.rovecast               W  Accessing hidden method Lsun/misc/Unsafe;->compareAndSwapObject(Ljava/lang/Object;JLjava/lang/Object;Ljava/lang/Object;)Z (greylist, linking, allowed)
2025-09-20 18:09:00.344 19918-19973 nmarty.rovecas          com.ivanmarty.rovecast               W  Accessing hidden method Lsun/misc/Unsafe;->getObject(Ljava/lang/Object;J)Ljava/lang/Object; (greylist, linking, allowed)
2025-09-20 18:09:00.492 19918-19918 DynamitePackage         com.ivanmarty.rovecast               D  Instantiating com.google.android.gms.ads.ChimeraAdPreloaderCreatorImpl
2025-09-20 18:09:00.531 19918-19978 nmarty.rovecas          com.ivanmarty.rovecast               W  Accessing hidden method Lsun/misc/Unsafe;->compareAndSwapObject(Ljava/lang/Object;JLjava/lang/Object;Ljava/lang/Object;)Z (greylist, linking, allowed)
2025-09-20 18:09:00.635 19918-19985 DynamitePackage         com.ivanmarty.rovecast               D  Instantiating com.google.android.gms.ads.ChimeraAdManagerCreatorImpl
2025-09-20 18:09:00.742 19918-19985 Ads                     com.ivanmarty.rovecast               I  Use RequestConfiguration.Builder().setTestDeviceIds(Arrays.asList("AFC033BBEAF477A33219CE7057D05B14")) to get test ads on this device.
2025-09-20 18:09:00.756 19918-19981 nmarty.rovecas          com.ivanmarty.rovecast               W  Accessing hidden method Lsun/misc/Unsafe;->getObject(Ljava/lang/Object;J)Ljava/lang/Object; (greylist, linking, allowed)
2025-09-20 18:09:00.756 19918-19981 nmarty.rovecas          com.ivanmarty.rovecast               W  Accessing hidden method Lsun/misc/Unsafe;->putObject(Ljava/lang/Object;JLjava/lang/Object;)V (greylist, linking, allowed)
2025-09-20 18:09:00.763 19918-19981 nmarty.rovecas          com.ivanmarty.rovecast               W  Accessing hidden method Lsun/misc/Unsafe;->getInt(Ljava/lang/Object;J)I (greylist, linking, allowed)
2025-09-20 18:09:00.763 19918-19981 nmarty.rovecas          com.ivanmarty.rovecast               W  Accessing hidden method Lsun/misc/Unsafe;->getLong(Ljava/lang/Object;J)J (greylist,core-platform-api, linking, allowed)
2025-09-20 18:09:00.766 19918-19981 nmarty.rovecas          com.ivanmarty.rovecast               W  Accessing hidden method Lsun/misc/Unsafe;->putInt(Ljava/lang/Object;JI)V (greylist, linking, allowed)
2025-09-20 18:09:00.767 19918-19981 nmarty.rovecas          com.ivanmarty.rovecast               W  Accessing hidden method Lsun/misc/Unsafe;->putLong(Ljava/lang/Object;JJ)V (greylist, linking, allowed)
2025-09-20 18:09:00.774 19918-19981 nmarty.rovecas          com.ivanmarty.rovecast               W  Accessing hidden method Lsun/misc/Unsafe;->putInt(Ljava/lang/Object;JI)V (greylist, linking, allowed)
2025-09-20 18:09:00.802 19918-19981 nmarty.rovecas          com.ivanmarty.rovecast               W  Accessing hidden method Lsun/misc/Unsafe;->allocateInstance(Ljava/lang/Class;)Ljava/lang/Object; (greylist, linking, allowed)
2025-09-20 18:09:00.805 19918-19981 nmarty.rovecas          com.ivanmarty.rovecast               W  Accessing hidden method Llibcore/io/Memory;->peekLong(JZ)J (greylist, reflection, allowed)
2025-09-20 18:09:00.805 19918-19981 nmarty.rovecas          com.ivanmarty.rovecast               W  Accessing hidden method Llibcore/io/Memory;->pokeLong(JJZ)V (greylist, reflection, allowed)
2025-09-20 18:09:00.806 19918-19981 nmarty.rovecas          com.ivanmarty.rovecast               W  Accessing hidden method Llibcore/io/Memory;->pokeInt(JIZ)V (greylist, reflection, allowed)
2025-09-20 18:09:00.806 19918-19981 nmarty.rovecas          com.ivanmarty.rovecast               W  Accessing hidden method Llibcore/io/Memory;->peekInt(JZ)I (greylist, reflection, allowed)
2025-09-20 18:09:00.806 19918-19981 nmarty.rovecas          com.ivanmarty.rovecast               W  Accessing hidden method Llibcore/io/Memory;->pokeByte(JB)V (greylist, reflection, allowed)
2025-09-20 18:09:00.806 19918-19981 nmarty.rovecas          com.ivanmarty.rovecast               W  Accessing hidden method Llibcore/io/Memory;->peekByte(J)B (greylist, reflection, allowed)
2025-09-20 18:09:00.806 19918-19981 nmarty.rovecas          com.ivanmarty.rovecast               W  Accessing hidden method Llibcore/io/Memory;->pokeByteArray(J[BII)V (greylist, reflection, allowed)
2025-09-20 18:09:00.806 19918-19981 nmarty.rovecas          com.ivanmarty.rovecast               W  Accessing hidden method Llibcore/io/Memory;->peekByteArray(J[BII)V (greylist, reflection, allowed)
2025-09-20 18:09:00.807 19918-19981 nmarty.rovecas          com.ivanmarty.rovecast               W  Accessing hidden method Llibcore/io/Memory;->peekByte(J)B (greylist, linking, allowed)
2025-09-20 18:09:00.813 19918-19981 nmarty.rovecas          com.ivanmarty.rovecast               W  Accessing hidden method Lsun/misc/Unsafe;->getLong(Ljava/lang/Object;J)J (greylist,core-platform-api, reflection, allowed)
2025-09-20 18:09:00.817 19918-19981 nmarty.rovecas          com.ivanmarty.rovecast               W  Accessing hidden field Ljava/nio/Buffer;->address:J (greylist, reflection, allowed)
2025-09-20 18:09:00.817 19918-19981 nmarty.rovecas          com.ivanmarty.rovecast               W  Accessing hidden method Lsun/misc/Unsafe;->getInt(Ljava/lang/Object;J)I (greylist, reflection, allowed)
2025-09-20 18:09:00.818 19918-19981 nmarty.rovecas          com.ivanmarty.rovecast               W  Accessing hidden method Lsun/misc/Unsafe;->putInt(Ljava/lang/Object;JI)V (greylist, reflection, allowed)
2025-09-20 18:09:00.818 19918-19981 nmarty.rovecas          com.ivanmarty.rovecast               W  Accessing hidden method Lsun/misc/Unsafe;->getLong(Ljava/lang/Object;J)J (greylist,core-platform-api, reflection, allowed)
2025-09-20 18:09:00.819 19918-19981 nmarty.rovecas          com.ivanmarty.rovecast               W  Accessing hidden method Lsun/misc/Unsafe;->putLong(Ljava/lang/Object;JJ)V (greylist, reflection, allowed)
2025-09-20 18:09:00.819 19918-19981 nmarty.rovecas          com.ivanmarty.rovecast               W  Accessing hidden method Lsun/misc/Unsafe;->getObject(Ljava/lang/Object;J)Ljava/lang/Object; (greylist, reflection, allowed)
2025-09-20 18:09:00.819 19918-19981 nmarty.rovecas          com.ivanmarty.rovecast               W  Accessing hidden method Lsun/misc/Unsafe;->putObject(Ljava/lang/Object;JLjava/lang/Object;)V (greylist, reflection, allowed)
2025-09-20 18:09:00.861 19918-19981 HwCustConn...anagerImpl com.ivanmarty.rovecast               D  isBlockNetworkRequestByNonAis, INVALID_SUBSCRIPTION_ID
2025-09-20 18:09:00.861 19918-19981 ConnectivityManager     com.ivanmarty.rovecast               I  requestNetwork and the calling app is: com.ivanmarty.rovecast
2025-09-20 18:09:00.964 19918-19918 MediaRouter             com.ivanmarty.rovecast               V  Selecting route: RouteInfo{ name=Teléfono, description=null, status=null, category=RouteCategory{ name=Sistema types=ROUTE_TYPE_LIVE_AUDIO ROUTE_TYPE_LIVE_VIDEO  groupable=false }, supportedTypes=ROUTE_TYPE_LIVE_AUDIO ROUTE_TYPE_LIVE_VIDEO , presentationDisplay=null }
2025-09-20 18:09:00.973 19918-19994 nmarty.rovecas          com.ivanmarty.rovecast               W  Verification of void m84.bbt.s(m84.bco, java.util.Set) took 103.280ms
2025-09-20 18:09:01.001 19918-19918 AxMediaRouter           com.ivanmarty.rovecast               I  Found default route: MediaRouter.RouteInfo{ uniqueId=DEFAULT_ROUTE, name=Teléfono, description=null, iconUri=null, enabled=true, isSystemRoute=true, connectionState=0, canDisconnect=false, playbackType=0, playbackStream=3, deviceType=0, volumeHandling=1, volume=12, volumeMax=15, presentationDisplayId=-1, extras=null, settingsIntent=null, providerPackageName=android }
2025-09-20 18:09:01.002 19918-19918 AxMediaRouter           com.ivanmarty.rovecast               I  Unselecting the current route because it is no longer selectable: null
2025-09-20 18:09:01.069 19918-19918 DynamiteModule          com.ivanmarty.rovecast               I  Considering local module com.google.android.gms.cast.framework.dynamite:0 and remote module com.google.android.gms.cast.framework.dynamite:253534000
2025-09-20 18:09:01.069 19918-19918 DynamiteModule          com.ivanmarty.rovecast               I  Selected remote version of com.google.android.gms.cast.framework.dynamite, version >= 253534000
2025-09-20 18:09:01.070 19918-19918 DynamiteModule          com.ivanmarty.rovecast               V  Dynamite loader version >= 2, using loadModule2NoCrashUtils
2025-09-20 18:09:01.149 19918-19918 nmarty.rovecas          com.ivanmarty.rovecast               W  ClassLoaderContext type mismatch. expected=PCL, found=DLC (PCL[] | DLC[];PCL[/data/app/com.ivanmarty.rovecast-rCPlP9hlOJgBks-Mz31Gjg==/base.apk*3005761464:/data/app/com.ivanmarty.rovecast-rCPlP9hlOJgBks-Mz31Gjg==/base.apk!classes2.dex*3838903545:/data/app/com.ivanmarty.rovecast-rCPlP9hlOJgBks-Mz31Gjg==/base.apk!classes3.dex*4049262258:/data/app/com.ivanmarty.rovecast-rCPlP9hlOJgBks-Mz31Gjg==/base.apk!classes4.dex*703073500:/data/app/com.ivanmarty.rovecast-rCPlP9hlOJgBks-Mz31Gjg==/base.apk!classes5.dex*2330824257:/data/app/com.ivanmarty.rovecast-rCPlP9hlOJgBks-Mz31Gjg==/base.apk!classes6.dex*2091565728:/data/app/com.ivanmarty.rovecast-rCPlP9hlOJgBks-Mz31Gjg==/base.apk!classes7.dex*398708974:/data/app/com.ivanmarty.rovecast-rCPlP9hlOJgBks-Mz31Gjg==/base.apk!classes8.dex*3556802394:/data/app/com.ivanmarty.rovecast-rCPlP9hlOJgBks-Mz31Gjg==/base.apk!classes9.dex*2888158322:/data/app/com.ivanmarty.rovecast-rCPlP9hlOJgBks-Mz31Gjg==/base.apk!classes10.dex*3232595436:/data/app/com.ivanmarty.rovecast-rCPlP9hlOJgBks-Mz
2025-09-20 18:09:01.150 19918-19918 nmarty.rovecas          com.ivanmarty.rovecast               W  Found duplicate classes, falling back to extracting from APK : /data/user_de/0/com.google.android.gms/app_chimera/m/000001e3/DynamiteModulesC.uncompressed.apk
2025-09-20 18:09:01.150 19918-19918 nmarty.rovecas          com.ivanmarty.rovecast               W  NOTE: This wastes RAM and hurts startup performance.
2025-09-20 18:09:01.150 19918-19918 nmarty.rovecas          com.ivanmarty.rovecast               W  Found duplicated class when checking oat files: 'Landroid/support/v4/graphics/drawable/IconCompatParcelizer;' in /data/app/com.ivanmarty.rovecast-rCPlP9hlOJgBks-Mz31Gjg==/base.apk and /data/user_de/0/com.google.android.gms/app_chimera/m/000001e3/DynamiteModulesC.uncompressed.apk
2025-09-20 18:09:01.150 19918-19918 nmarty.rovecas          com.ivanmarty.rovecast               W  
2025-09-20 18:09:01.193 19918-19981 nmarty.rovecas          com.ivanmarty.rovecast               W  Failed execv(/system/bin/dex2oat --debuggable --instruction-set=arm64 --instruction-set-features=runtime --runtime-arg -Xhidden-api-policy:enabled --runtime-arg -Xrelocate --boot-image=/system/framework/boot.art --runtime-arg -Xms64m --runtime-arg -Xmx512m -j4 --instruction-set-variant=generic --instruction-set-features=default --generate-mini-debug-info --debuggable --generate-mini-debug-info --dex-file=/data/user/0/com.ivanmarty.rovecast/app_pccache/5/FDFFAF1835DBEDC691602F4FD7FCF27E0E4E7649/pcam.jar --output-vdex-fd=110 --oat-fd=111 --oat-location=/data/user/0/com.ivanmarty.rovecast/app_pccache/5/FDFFAF1835DBEDC691602F4FD7FCF27E0E4E7649/oat/arm64/pcam.odex --compiler-filter=verify --class-loader-context=& --compilation-reason=dynamic-load) because non-0 exit status
2025-09-20 18:09:01.199 19918-19981 nmarty.rovecas          com.ivanmarty.rovecast               I  Waiting for a blocking GC ClassLinker
2025-09-20 18:09:01.262 19918-19918 nmarty.rovecas          com.ivanmarty.rovecast               I  Waiting for a blocking GC ClassLinker
2025-09-20 18:09:01.278 19918-19931 nmarty.rovecas          com.ivanmarty.rovecast               I  Background young concurrent copying GC freed 34313(3208KB) AllocSpace objects, 18(640KB) LOS objects, 43% free, 4008KB/7132KB, paused 465us total 438.833ms
2025-09-20 18:09:01.278 19918-19981 nmarty.rovecas          com.ivanmarty.rovecast               I  WaitForGcToComplete blocked ClassLinker on ClassLinker for 79.294ms
2025-09-20 18:09:01.284 19918-19918 nmarty.rovecas          com.ivanmarty.rovecast               I  WaitForGcToComplete blocked ClassLinker on ClassLinker for 22.367ms
2025-09-20 18:09:01.391 19918-19918 CastDynamiteModuleImpl  com.ivanmarty.rovecast               I  ui created by ClassLoader dalvik.system.DelegateLastClassLoader[DexPathList[[zip file "/data/user_de/0/com.google.android.gms/app_chimera/m/000001e3/DynamiteModulesC.uncompressed.apk"],nativeLibraryDirectories=[/data/user_de/0/com.google.android.gms/app_chimera/m/000001e3/DynamiteModulesC.uncompressed.apk!/lib/arm64-v8a, /system/lib64, /hw_product/lib64, /system/product/lib64]]].
2025-09-20 18:09:01.478 19918-19985 WebViewFactory          com.ivanmarty.rovecast               I  Loading com.google.android.webview version 140.0.7339.51 (code 733905133)
2025-09-20 18:09:01.498 19918-19918 AdWorker(Defaul         com.ivanmarty.rovecast               W  type=1400 audit(0.0:508151): avc: granted { execute } for pid=19918 path="/data/data/com.ivanmarty.rovecast/app_pccache/5/FDFFAF1835DBEDC691602F4FD7FCF27E0E4E7649/pcam.jar" dev="mmcblk0p71" ino=136158 scontext=u:r:untrusted_app:s0:c115,c258,c512,c768 tcontext=u:object_r:app_data_file:s0:c115,c258,c512,c768 tclass=file
2025-09-20 18:09:01.498 19918-19918 nmarty.rovecas          com.ivanmarty.rovecast               W  Accessing hidden method Lsun/misc/Unsafe;->compareAndSwapInt(Ljava/lang/Object;JII)Z (greylist, linking, allowed)
2025-09-20 18:09:01.498 19918-19918 nmarty.rovecas          com.ivanmarty.rovecast               W  Accessing hidden method Lsun/misc/Unsafe;->compareAndSwapLong(Ljava/lang/Object;JJJ)Z (greylist, linking, allowed)
2025-09-20 18:09:01.498 19918-19918 nmarty.rovecas          com.ivanmarty.rovecast               W  Accessing hidden method Lsun/misc/Unsafe;->getIntVolatile(Ljava/lang/Object;J)I (greylist, linking, allowed)
2025-09-20 18:09:01.498 19918-19918 nmarty.rovecas          com.ivanmarty.rovecast               W  Accessing hidden method Lsun/misc/Unsafe;->getObjectVolatile(Ljava/lang/Object;J)Ljava/lang/Object; (greylist, linking, allowed)
2025-09-20 18:09:01.498 19918-19918 nmarty.rovecas          com.ivanmarty.rovecast               W  Accessing hidden method Lsun/misc/Unsafe;->putObjectVolatile(Ljava/lang/Object;JLjava/lang/Object;)V (greylist, linking, allowed)
2025-09-20 18:09:01.506 19918-19985 ApplicationLoaders      com.ivanmarty.rovecast               D  createClassLoader zip: /data/app/com.google.android.trichromelibrary_733905133-g9ZdU2hML5mNOGTbzt3g8Q==/base.apk librarySearchPath: /data/app/com.google.android.webview-Zwh7fKdd9-q397BEZib8pw==/lib/arm64:/data/app/com.google.android.webview-Zwh7fKdd9-q397BEZib8pw==/base.apk!/lib/arm64-v8a:/data/app/com.google.android.trichromelibrary_733905133-g9ZdU2hML5mNOGTbzt3g8Q==/base.apk!/lib/arm64-v8a libraryPermittedPath:  parent: java.lang.BootClassLoader@c069c4e targetSdkVersion: 36 isBundled: false classLoaderName: null sharedLibraries: null
2025-09-20 18:09:01.514 19918-19985 ApplicationLoaders      com.ivanmarty.rovecast               D  createClassLoader zip: /data/app/com.google.android.webview-Zwh7fKdd9-q397BEZib8pw==/base.apk librarySearchPath: /data/app/com.google.android.webview-Zwh7fKdd9-q397BEZib8pw==/lib/arm64:/data/app/com.google.android.webview-Zwh7fKdd9-q397BEZib8pw==/base.apk!/lib/arm64-v8a:/data/app/com.google.android.trichromelibrary_733905133-g9ZdU2hML5mNOGTbzt3g8Q==/base.apk!/lib/arm64-v8a libraryPermittedPath:  parent: java.lang.BootClassLoader@c069c4e targetSdkVersion: 36 isBundled: false classLoaderName: null sharedLibraries: [dalvik.system.PathClassLoader[DexPathList[[zip file "/data/app/com.google.android.trichromelibrary_733905133-g9ZdU2hML5mNOGTbzt3g8Q==/base.apk"],nativeLibraryDirectories=[/data/app/com.google.android.webview-Zwh7fKdd9-q397BEZib8pw==/lib/arm64, /data/app/com.google.android.webview-Zwh7fKdd9-q397BEZib8pw==/base.apk!/lib/arm64-v8a, /data/app/com.google.android.trichromelibrary_733905133-g9ZdU2hML5mNOGTbzt3g8Q==/base.apk!/lib/arm64-v8a, /system/lib64, /hw_product/lib64, /system/product/lib64]]]]
2025-09-20 18:09:01.535 19918-19985 linker                  com.ivanmarty.rovecast               W  Warning: "/data/app/com.google.android.trichromelibrary_733905133-g9ZdU2hML5mNOGTbzt3g8Q==/base.apk!/lib/arm64-v8a/libmonochrome_64.so" unused DT entry: unknown processor-specific (type 0x70000001 arg 0x0) (ignoring)
2025-09-20 18:09:01.545 19918-19918 nmarty.rovecas          com.ivanmarty.rovecast               W  Accessing hidden method Lsun/misc/Unsafe;->compareAndSwapObject(Ljava/lang/Object;JLjava/lang/Object;Ljava/lang/Object;)Z (greylist, linking, allowed)
2025-09-20 18:09:01.546 19918-19918 nmarty.rovecas          com.ivanmarty.rovecast               W  Accessing hidden method Lsun/misc/Unsafe;->getObject(Ljava/lang/Object;J)Ljava/lang/Object; (greylist, linking, allowed)
2025-09-20 18:09:01.587 19918-19918 HwCustConn...anagerImpl com.ivanmarty.rovecast               D  isBlockNetworkRequestByNonAis, INVALID_SUBSCRIPTION_ID
2025-09-20 18:09:01.629 19918-19918 HwTypeface              com.ivanmarty.rovecast               I  updateFont: scale=1.04
2025-09-20 18:09:01.631 19918-19918 SystemFonts             com.ivanmarty.rovecast               D  areFontsVariable: script=Latn
2025-09-20 18:09:01.633 19918-19918 ActivityThread          com.ivanmarty.rovecast               I  finishPreloaded preloadStatus 0
2025-09-20 18:09:01.680 19918-19985 cr_WVCFactoryProvider   com.ivanmarty.rovecast               I  version=140.0.7339.51 (733905133) minSdkVersion=29 multiprocess=true packageId=127 splits=<none>
2025-09-20 18:09:01.698 19918-19918 Choreographer           com.ivanmarty.rovecast               I  Skipped 180 frames!  The application may be doing too much work on its main thread.
2025-09-20 18:09:01.720 19918-19973 Ads                     com.ivanmarty.rovecast               W  Update ad debug logging enablement as false
2025-09-20 18:09:01.720 19918-19973 nmarty.rovecas          com.ivanmarty.rovecast               W  Accessing hidden method Lsun/misc/Unsafe;->compareAndSwapObject(Ljava/lang/Object;JLjava/lang/Object;Ljava/lang/Object;)Z (greylist, linking, allowed)
2025-09-20 18:09:01.738 19918-20013 chromium                com.ivanmarty.rovecast               I  [0920/180901.737779:INFO:android_webview/browser/variations/variations_seed_loader.cc:67] Failed to open file for reading.: No such file or directory (2)
2025-09-20 18:09:01.819 19918-19985 cr_LibraryLoader        com.ivanmarty.rovecast               I  Successfully loaded native library
2025-09-20 18:09:01.824 19918-19985 cr_CachingUmaRecorder   com.ivanmarty.rovecast               I  Flushed 7 samples from 7 histograms, 0 samples were dropped.
2025-09-20 18:09:01.928 19918-19918 cr_CombinedPProvider    com.ivanmarty.rovecast               I  #registerProvider() provider:WV.zj@a4f9261 isPolicyCacheEnabled:false policyProvidersSize:0
2025-09-20 18:09:01.933 19918-19918 cr_PolicyProvider       com.ivanmarty.rovecast               I  #setManagerAndSource() 0
2025-09-20 18:09:01.955 19918-19984 nmarty.rovecas          com.ivanmarty.rovecast               W  Accessing hidden method Lsun/misc/Unsafe;->putObject(Ljava/lang/Object;JLjava/lang/Object;)V (greylist, linking, allowed)
2025-09-20 18:09:01.955 19918-19984 nmarty.rovecas          com.ivanmarty.rovecast               W  Accessing hidden method Lsun/misc/Unsafe;->compareAndSwapObject(Ljava/lang/Object;JLjava/lang/Object;Ljava/lang/Object;)Z (greylist, linking, allowed)
2025-09-20 18:09:02.023 19918-20011 ExoPlayerImpl           com.ivanmarty.rovecast               I  Init c1fe1c5 [AndroidXMedia3/1.8.0] [HWMAR, MAR-LX3A, HUAWEI, 29]
2025-09-20 18:09:02.063 19918-19997 nmarty.rovecas          com.ivanmarty.rovecast               W  Accessing hidden method Lsun/misc/Unsafe;->getObject(Ljava/lang/Object;J)Ljava/lang/Object; (greylist, linking, allowed)
2025-09-20 18:09:02.077 19918-19984 nmarty.rovecas          com.ivanmarty.rovecast               W  Accessing hidden method Lsun/misc/Unsafe;->getInt(Ljava/lang/Object;J)I (greylist, linking, allowed)
2025-09-20 18:09:02.081 19918-19984 nmarty.rovecas          com.ivanmarty.rovecast               W  Accessing hidden method Lsun/misc/Unsafe;->getLong(Ljava/lang/Object;J)J (greylist,core-platform-api, linking, allowed)
2025-09-20 18:09:02.086 19918-19984 nmarty.rovecas          com.ivanmarty.rovecast               W  Accessing hidden method Lsun/misc/Unsafe;->putInt(Ljava/lang/Object;JI)V (greylist, linking, allowed)
2025-09-20 18:09:02.145 19918-19918 cr_CombinedPProvider    com.ivanmarty.rovecast               I  #linkNativeInternal() 1
2025-09-20 18:09:02.165 19918-19918 cr_AppResProvider       com.ivanmarty.rovecast               I  #getApplicationRestrictionsFromUserManager() Bundle[EMPTY_PARCEL]
2025-09-20 18:09:02.165 19918-19918 cr_PolicyProvider       com.ivanmarty.rovecast               I  #notifySettingsAvailable() 0
2025-09-20 18:09:02.165 19918-19918 cr_CombinedPProvider    com.ivanmarty.rovecast               I  #onSettingsAvailable() 0
2025-09-20 18:09:02.166 19918-19918 cr_CombinedPProvider    com.ivanmarty.rovecast               I  #flushPolicies()
2025-09-20 18:09:02.234 19918-19984 nmarty.rovecas          com.ivanmarty.rovecast               W  Accessing hidden method Lsun/misc/Unsafe;->getObject(Ljava/lang/Object;J)Ljava/lang/Object; (greylist, linking, allowed)
2025-09-20 18:09:02.235 19918-19984 nmarty.rovecas          com.ivanmarty.rovecast               W  Accessing hidden method Lsun/misc/Unsafe;->compareAndSwapObject(Ljava/lang/Object;JLjava/lang/Object;Ljava/lang/Object;)Z (greylist, linking, allowed)
2025-09-20 18:09:02.408 19918-19985 nmarty.rovecas          com.ivanmarty.rovecast               W  Accessing hidden method Lsun/misc/Unsafe;->compareAndSwapObject(Ljava/lang/Object;JLjava/lang/Object;Ljava/lang/Object;)Z (greylist, linking, allowed)
2025-09-20 18:09:02.412 19918-19969 Ads                     com.ivanmarty.rovecast               W  Invoke Firebase method getInstance error.
2025-09-20 18:09:02.412 19918-19969 Ads                     com.ivanmarty.rovecast               W  The Google Mobile Ads SDK will not integrate with Firebase. Admob/Firebase integration requires the latest Firebase SDK jar, but Firebase SDK is either missing or out of date
2025-09-20 18:09:02.509 19918-19982 AudioManager            com.ivanmarty.rovecast               V  getMode...
2025-09-20 18:09:02.514 19918-19982 AudioManager            com.ivanmarty.rovecast               V  isMusicActive...
2025-09-20 18:09:02.528 19918-19982 AudioManager            com.ivanmarty.rovecast               V  isSpeakerphoneOn: false
2025-09-20 18:09:02.534 19918-19982 AudioManager            com.ivanmarty.rovecast               V  getStreamVolume streamType: 3 volume: 12
2025-09-20 18:09:02.542 19918-19982 AudioManager            com.ivanmarty.rovecast               V  getStreamVolume streamType: 2 volume: 0
2025-09-20 18:09:02.573 19918-19918 chromium                com.ivanmarty.rovecast               W  [WARNING:android_webview/browser/network_service/net_helpers.cc:143] HTTP Cache size is: 20971520
2025-09-20 18:09:02.756 19918-19985 ServiceBindIntentUtils  com.ivanmarty.rovecast               W  Dynamic lookup for intent failed for action: com.google.android.gms.ads.service.CACHE
2025-09-20 18:09:02.812 19918-19918 HwCustConn...anagerImpl com.ivanmarty.rovecast               D  isBlockNetworkRequestByNonAis, INVALID_SUBSCRIPTION_ID
2025-09-20 18:09:02.813 19918-19918 ConnectivityManager     com.ivanmarty.rovecast               I  requestNetwork and the calling app is: com.ivanmarty.rovecast
2025-09-20 18:09:02.821 19918-19918 HwCustConn...anagerImpl com.ivanmarty.rovecast               D  isBlockNetworkRequestByNonAis, INVALID_SUBSCRIPTION_ID
2025-09-20 18:09:02.843 19918-20011 nmarty.rovecas          com.ivanmarty.rovecast               W  Accessing hidden method Landroid/media/AudioTrack;->getLatency()I (greylist, reflection, allowed)
2025-09-20 18:09:02.847 19918-19931 nmarty.rovecas          com.ivanmarty.rovecast               I  Background concurrent copying GC freed 39811(2678KB) AllocSpace objects, 8(268KB) LOS objects, 51% free, 5883KB/11MB, paused 2.529ms total 978.813ms
2025-09-20 18:09:02.973 19918-19929 nmarty.rovecas          com.ivanmarty.rovecast               I  Thread[5,tid=19929,WaitingInMainSignalCatcherLoop,Thread*=0x7780f0b400,peer=0x13289068,"Signal Catcher"]: reacting to signal 3
2025-09-20 18:09:02.976 19918-19929 nmarty.rovecas          com.ivanmarty.rovecast               I  
2025-09-20 18:09:03.082 19918-20098 CameraManagerGlobal     com.ivanmarty.rovecast               I  Connecting to camera service
2025-09-20 18:09:03.090 19918-19918 AxMediaRouter           com.ivanmarty.rovecast               W  Ignoring attempt to select selected route: MediaRouter.RouteInfo{ uniqueId=DEFAULT_ROUTE, name=Teléfono, description=null, iconUri=null, enabled=true, isSystemRoute=true, connectionState=0, canDisconnect=false, playbackType=0, playbackStream=3, deviceType=0, volumeHandling=1, volume=12, volumeMax=15, presentationDisplayId=-1, extras=null, settingsIntent=null, providerPackageName=android }
2025-09-20 18:09:03.092 19918-19918 MediaRouter             com.ivanmarty.rovecast               V  Selecting route: RouteInfo{ name=Teléfono, description=null, status=null, category=RouteCategory{ name=Sistema types=ROUTE_TYPE_LIVE_AUDIO ROUTE_TYPE_LIVE_VIDEO  groupable=false }, supportedTypes=ROUTE_TYPE_LIVE_AUDIO ROUTE_TYPE_LIVE_VIDEO , presentationDisplay=null }
2025-09-20 18:09:03.229 19918-20103 iGraphics               com.ivanmarty.rovecast               I  [0020080c] pn: com.ivanmarty.rovecast, p: 19918
2025-09-20 18:09:03.229 19918-20103 iGraphics               com.ivanmarty.rovecast               I  [0030080c] no spt app: com.ivanmarty.rovecast
2025-09-20 18:09:03.242 19918-20057 cr_media                com.ivanmarty.rovecast               W  getBluetoothAdapter() requires BLUETOOTH permission
2025-09-20 18:09:03.242 19918-20057 cr_media                com.ivanmarty.rovecast               W  registerBluetoothIntentsIfNeeded: Requires BLUETOOTH permission
2025-09-20 18:09:03.369 19918-20011 nmarty.rovecas          com.ivanmarty.rovecast               W  Verification of void androidx.media3.exoplayer.ExoPlayerImplInternal.doSomeWork() took 117.173ms
2025-09-20 18:09:03.521 19918-20001 nmarty.rovecas          com.ivanmarty.rovecast               W  Accessing hidden method Lsun/misc/Unsafe;->getInt(Ljava/lang/Object;J)I (greylist, linking, allowed)
2025-09-20 18:09:03.521 19918-20001 nmarty.rovecas          com.ivanmarty.rovecast               W  Accessing hidden method Lsun/misc/Unsafe;->putObject(Ljava/lang/Object;JLjava/lang/Object;)V (greylist, linking, allowed)
2025-09-20 18:09:03.521 19918-20001 nmarty.rovecas          com.ivanmarty.rovecast               W  Accessing hidden method Lsun/misc/Unsafe;->putInt(Ljava/lang/Object;JI)V (greylist, linking, allowed)
2025-09-20 18:09:03.521 19918-20001 nmarty.rovecas          com.ivanmarty.rovecast               W  Accessing hidden method Lsun/misc/Unsafe;->putLong(Ljava/lang/Object;JJ)V (greylist, linking, allowed)
2025-09-20 18:09:03.522 19918-20001 nmarty.rovecas          com.ivanmarty.rovecast               W  Accessing hidden method Lsun/misc/Unsafe;->getObject(Ljava/lang/Object;J)Ljava/lang/Object; (greylist, linking, allowed)
2025-09-20 18:09:03.635 19918-19944 ZrHung.AppEyeUiProbe    com.ivanmarty.rovecast               D  stop UiProbe
2025-09-20 18:09:03.635 19918-19944 ZrHung.AppEyeUiProbe    com.ivanmarty.rovecast               D  not watching, wait.
2025-09-20 18:09:04.561 19918-19980 nmarty.rovecas          com.ivanmarty.rovecast               W  Accessing hidden method Lsun/misc/Unsafe;->compareAndSwapObject(Ljava/lang/Object;JLjava/lang/Object;Ljava/lang/Object;)Z (greylist, linking, allowed)
2025-09-20 18:09:04.693 19918-19989 Ads                     com.ivanmarty.rovecast               W  Not retrying to fetch app settings
2025-09-20 18:09:04.845 19918-20132 ServiceBindIntentUtils  com.ivanmarty.rovecast               W  Dynamic lookup for intent failed for action: com.google.android.gms.ads.service.START
2025-09-20 18:09:04.927 19918-20132 nmarty.rovecas          com.ivanmarty.rovecast               W  Accessing hidden method Lsun/misc/Unsafe;->putObject(Ljava/lang/Object;JLjava/lang/Object;)V (greylist, linking, allowed)
2025-09-20 18:09:04.938 19918-19999 nmarty.rovecas          com.ivanmarty.rovecast               W  Verification of void com.google.android.gms.internal.cast.zzfv.disconnect() took 105.011ms
2025-09-20 18:09:04.953 19918-20087 VideoCapabilities       com.ivanmarty.rovecast               W  Unrecognized profile/level 0/0 for video/mpeg2
2025-09-20 18:09:04.953 19918-20087 VideoCapabilities       com.ivanmarty.rovecast               W  Unrecognized profile/level 0/2 for video/mpeg2
2025-09-20 18:09:04.953 19918-20087 VideoCapabilities       com.ivanmarty.rovecast               W  Unrecognized profile/level 0/3 for video/mpeg2
2025-09-20 18:09:04.953 19918-20087 VideoCapabilities       com.ivanmarty.rovecast               I  Unsupported profile 5 for video/mpeg2
2025-09-20 18:09:04.953 19918-20087 chatty                  com.ivanmarty.rovecast               I  uid=10627(com.ivanmarty.rovecast) ThreadPoolSingl identical 2 lines
2025-09-20 18:09:04.953 19918-20087 VideoCapabilities       com.ivanmarty.rovecast               I  Unsupported profile 5 for video/mpeg2
2025-09-20 18:09:04.956 19918-20087 VideoCapabilities       com.ivanmarty.rovecast               W  Unrecognized profile/level 1/32 for video/mp4v-es
2025-09-20 18:09:04.956 19918-20087 VideoCapabilities       com.ivanmarty.rovecast               W  Unrecognized profile/level 32768/2 for video/mp4v-es
2025-09-20 18:09:04.956 19918-20087 VideoCapabilities       com.ivanmarty.rovecast               W  Unrecognized profile/level 32768/64 for video/mp4v-es
